Archive member included to satisfy reference by file (symbol)

D:/Tools/STM32IDE/STM32CubeIDE_1.17.0/STM32CubeIDE/plugins/com.st.stm32cube.ide.mcu.externaltools.gnu-tools-for-stm32.13.3.rel1.win32_1.0.0.202411081344/tools/bin/../lib/gcc/arm-none-eabi/13.3.1/../../../../arm-none-eabi/lib/thumb/v7e-m+fp/hard\libc_nano.a(libc_a-atoi.o)
                              ./Core/Src/main.o (atoi)
D:/Tools/STM32IDE/STM32CubeIDE_1.17.0/STM32CubeIDE/plugins/com.st.stm32cube.ide.mcu.externaltools.gnu-tools-for-stm32.13.3.rel1.win32_1.0.0.202411081344/tools/bin/../lib/gcc/arm-none-eabi/13.3.1/../../../../arm-none-eabi/lib/thumb/v7e-m+fp/hard\libc_nano.a(libc_a-exit.o)
                              D:/Tools/STM32IDE/STM32CubeIDE_1.17.0/STM32CubeIDE/plugins/com.st.stm32cube.ide.mcu.externaltools.gnu-tools-for-stm32.13.3.rel1.win32_1.0.0.202411081344/tools/bin/../lib/gcc/arm-none-eabi/13.3.1/../../../../arm-none-eabi/lib/thumb/v7e-m+fp/hard/crt0.o (exit)
D:/Tools/STM32IDE/STM32CubeIDE_1.17.0/STM32CubeIDE/plugins/com.st.stm32cube.ide.mcu.externaltools.gnu-tools-for-stm32.13.3.rel1.win32_1.0.0.202411081344/tools/bin/../lib/gcc/arm-none-eabi/13.3.1/../../../../arm-none-eabi/lib/thumb/v7e-m+fp/hard\libc_nano.a(libc_a-strtol.o)
                              D:/Tools/STM32IDE/STM32CubeIDE_1.17.0/STM32CubeIDE/plugins/com.st.stm32cube.ide.mcu.externaltools.gnu-tools-for-stm32.13.3.rel1.win32_1.0.0.202411081344/tools/bin/../lib/gcc/arm-none-eabi/13.3.1/../../../../arm-none-eabi/lib/thumb/v7e-m+fp/hard\libc_nano.a(libc_a-atoi.o) (_strtol_r)
D:/Tools/STM32IDE/STM32CubeIDE_1.17.0/STM32CubeIDE/plugins/com.st.stm32cube.ide.mcu.externaltools.gnu-tools-for-stm32.13.3.rel1.win32_1.0.0.202411081344/tools/bin/../lib/gcc/arm-none-eabi/13.3.1/../../../../arm-none-eabi/lib/thumb/v7e-m+fp/hard\libc_nano.a(libc_a-ctype_.o)
                              D:/Tools/STM32IDE/STM32CubeIDE_1.17.0/STM32CubeIDE/plugins/com.st.stm32cube.ide.mcu.externaltools.gnu-tools-for-stm32.13.3.rel1.win32_1.0.0.202411081344/tools/bin/../lib/gcc/arm-none-eabi/13.3.1/../../../../arm-none-eabi/lib/thumb/v7e-m+fp/hard\libc_nano.a(libc_a-strtol.o) (_ctype_)
D:/Tools/STM32IDE/STM32CubeIDE_1.17.0/STM32CubeIDE/plugins/com.st.stm32cube.ide.mcu.externaltools.gnu-tools-for-stm32.13.3.rel1.win32_1.0.0.202411081344/tools/bin/../lib/gcc/arm-none-eabi/13.3.1/../../../../arm-none-eabi/lib/thumb/v7e-m+fp/hard\libc_nano.a(libc_a-nano-vfprintf_float.o)
                              (_printf_float)
D:/Tools/STM32IDE/STM32CubeIDE_1.17.0/STM32CubeIDE/plugins/com.st.stm32cube.ide.mcu.externaltools.gnu-tools-for-stm32.13.3.rel1.win32_1.0.0.202411081344/tools/bin/../lib/gcc/arm-none-eabi/13.3.1/../../../../arm-none-eabi/lib/thumb/v7e-m+fp/hard\libc_nano.a(libc_a-nano-vfprintf_i.o)
                              D:/Tools/STM32IDE/STM32CubeIDE_1.17.0/STM32CubeIDE/plugins/com.st.stm32cube.ide.mcu.externaltools.gnu-tools-for-stm32.13.3.rel1.win32_1.0.0.202411081344/tools/bin/../lib/gcc/arm-none-eabi/13.3.1/../../../../arm-none-eabi/lib/thumb/v7e-m+fp/hard\libc_nano.a(libc_a-nano-vfprintf_float.o) (_printf_common)
D:/Tools/STM32IDE/STM32CubeIDE_1.17.0/STM32CubeIDE/plugins/com.st.stm32cube.ide.mcu.externaltools.gnu-tools-for-stm32.13.3.rel1.win32_1.0.0.202411081344/tools/bin/../lib/gcc/arm-none-eabi/13.3.1/../../../../arm-none-eabi/lib/thumb/v7e-m+fp/hard\libc_nano.a(libc_a-findfp.o)
                              D:/Tools/STM32IDE/STM32CubeIDE_1.17.0/STM32CubeIDE/plugins/com.st.stm32cube.ide.mcu.externaltools.gnu-tools-for-stm32.13.3.rel1.win32_1.0.0.202411081344/tools/bin/../lib/gcc/arm-none-eabi/13.3.1/../../../../arm-none-eabi/lib/thumb/v7e-m+fp/hard\libc_nano.a(libc_a-exit.o) (__stdio_exit_handler)
D:/Tools/STM32IDE/STM32CubeIDE_1.17.0/STM32CubeIDE/plugins/com.st.stm32cube.ide.mcu.externaltools.gnu-tools-for-stm32.13.3.rel1.win32_1.0.0.202411081344/tools/bin/../lib/gcc/arm-none-eabi/13.3.1/../../../../arm-none-eabi/lib/thumb/v7e-m+fp/hard\libc_nano.a(libc_a-fwalk.o)
                              D:/Tools/STM32IDE/STM32CubeIDE_1.17.0/STM32CubeIDE/plugins/com.st.stm32cube.ide.mcu.externaltools.gnu-tools-for-stm32.13.3.rel1.win32_1.0.0.202411081344/tools/bin/../lib/gcc/arm-none-eabi/13.3.1/../../../../arm-none-eabi/lib/thumb/v7e-m+fp/hard\libc_nano.a(libc_a-findfp.o) (_fwalk_sglue)
D:/Tools/STM32IDE/STM32CubeIDE_1.17.0/STM32CubeIDE/plugins/com.st.stm32cube.ide.mcu.externaltools.gnu-tools-for-stm32.13.3.rel1.win32_1.0.0.202411081344/tools/bin/../lib/gcc/arm-none-eabi/13.3.1/../../../../arm-none-eabi/lib/thumb/v7e-m+fp/hard\libc_nano.a(libc_a-snprintf.o)
                              ./Core/Src/main.o (snprintf)
D:/Tools/STM32IDE/STM32CubeIDE_1.17.0/STM32CubeIDE/plugins/com.st.stm32cube.ide.mcu.externaltools.gnu-tools-for-stm32.13.3.rel1.win32_1.0.0.202411081344/tools/bin/../lib/gcc/arm-none-eabi/13.3.1/../../../../arm-none-eabi/lib/thumb/v7e-m+fp/hard\libc_nano.a(libc_a-stdio.o)
[...]
Memory Configuration

Name             Origin             Length             Attributes
CCMRAM           0x10000000         0x00010000         xrw
RAM              0x20000000         0x00020000         xrw
FLASH            0x08000000         0x00100000         xr
*default*        0x00000000         0xffffffff

Linker script and memory map

LOAD D:/Tools/STM32IDE/STM32CubeIDE_1.17.0/STM32CubeIDE/plugins/com.st.stm32cube.ide.mcu.externaltools.gnu-tools-for-stm32.13.3.rel1.win32_1.0.0.202411081344/tools/bin/../lib/gcc/arm-none-eabi/13.3.1/thumb/v7e-m+fp/hard/crti.o
LOAD D:/Tools/STM32IDE/STM32CubeIDE_1.17.0/STM32CubeIDE/plugins/com.st.stm32cube.ide.mcu.externaltools.gnu-tools-for-stm32.13.3.rel1.win32_1.0.0.202411081344/tools/bin/../lib/gcc/arm-none-eabi/13.3.1/thumb/v7e-m+fp/hard/crtbegin.o
LOAD D:/Tools/STM32IDE/STM32CubeIDE_1.17.0/STM32CubeIDE/plugins/com.st.stm32cube.ide.mcu.externaltools.gnu-tools-for-stm32.13.3.rel1.win32_1.0.0.202411081344/tools/bin/../lib/gcc/arm-none-eabi/13.3.1/../../../../arm-none-eabi/lib/thumb/v7e-m+fp/hard/crt0.o
LOAD ./Core/Src/LCD_Driver.o
LOAD ./Core/Src/LCD_lib.o
LOAD ./Core/Src/freertos.o
LOAD ./Core/Src/main.o
LOAD ./Core/Src/stm32f4xx_hal_msp.o
LOAD ./Core/Src/stm32f4xx_hal_timebase_tim.o
LOAD ./Core/Src/stm32f4xx_it.o
LOAD ./Core/Src/syscalls.o
LOAD ./Core/Src/sysmem.o
LOAD ./Core/Src/system_stm32f4xx.o
LOAD ./Core/Src/touch.o
LOAD ./Core/Src/xpt2046.o
LOAD ./Core/Startup/startup_stm32f405rgtx.o
LOAD ./Drivers/STM32F4xx_HAL_Driver/Src/stm32f4xx_hal.o
LOAD ./Drivers/STM32F4xx_HAL_Driver/Src/stm32f4xx_hal_adc.o
LOAD ./Drivers/STM32F4xx_HAL_Driver/Src/stm32f4xx_hal_adc_ex.o
LOAD ./Drivers/STM32F4xx_HAL_Driver/Src/stm32f4xx_hal_can.o
LOAD ./Drivers/STM32F4xx_HAL_Driver/Src/stm32f4xx_hal_cortex.o
LOAD ./Drivers/STM32F4xx_HAL_Driver/Src/stm32f4xx_hal_dac.o
LOAD ./Drivers/STM32F4xx_HAL_Driver/Src/stm32f4xx_hal_dac_ex.o
LOAD ./Drivers/STM32F4xx_HAL_Driver/Src/stm32f4xx_hal_dma.o
LOAD ./Drivers/STM32F4xx_HAL_Driver/Src/stm32f4xx_hal_dma_ex.o
LOAD ./Drivers/STM32F4xx_HAL_Driver/Src/stm32f4xx_hal_exti.o
LOAD ./Drivers/STM32F4xx_HAL_Driver/Src/stm32f4xx_hal_flash.o
LOAD ./Drivers/STM32F4xx_HAL_Driver/Src/stm32f4xx_hal_flash_ex.o
LOAD ./Drivers/STM32F4xx_HAL_Driver/Src/stm32f4xx_hal_flash_ramfunc.o
LOAD ./Drivers/STM32F4xx_HAL_Driver/Src/stm32f4xx_hal_gpio.o
LOAD ./Drivers/STM32F4xx_HAL_Driver/Src/stm32f4xx_hal_pwr.o
LOAD ./Drivers/STM32F4xx_HAL_Driver/Src/stm32f4xx_hal_pwr_ex.o
LOAD ./Drivers/STM32F4xx_HAL_Driver/Src/stm32f4xx_hal_rcc.o
LOAD ./Drivers/STM32F4xx_HAL_Driver/Src/stm32f4xx_hal_rcc_ex.o
LOAD ./Drivers/STM32F4xx_HAL_Driver/Src/stm32f4xx_hal_spi.o
LOAD ./Drivers/STM32F4xx_HAL_Driver/Src/stm32f4xx_hal_tim.o
LOAD ./Drivers/STM32F4xx_HAL_Driver/Src/stm32f4xx_hal_tim_ex.o
LOAD ./Drivers/STM32F4xx_HAL_Driver/Src/stm32f4xx_hal_uart.o
LOAD ./Drivers/STM32F4xx_HAL_Driver/Src/stm32f4xx_ll_adc.o
LOAD ./Middlewares/Third_Party/FreeRTOS/Source/CMSIS_RTOS_V2/cmsis_os2.o
LOAD ./Middlewares/Third_Party/FreeRTOS/Source/croutine.o
LOAD ./Middlewares/Third_Party/FreeRTOS/Source/event_groups.o
LOAD ./Middlewares/Third_Party/FreeRTOS/Source/list.o
LOAD ./Middlewares/Third_Party/FreeRTOS/Source/queue.o
LOAD ./Middlewares/Third_Party/FreeRTOS/Source/stream_buffer.o
LOAD ./Middlewares/Third_Party/FreeRTOS/Source/tasks.o
LOAD ./Middlewares/Third_Party/FreeRTOS/Source/timers.o
LOAD ./Middlewares/Third_Party/FreeRTOS/Source/portable/GCC/ARM_CM4F/port.o
LOAD ./Middlewares/Third_Party/FreeRTOS/Source/portable/MemMang/heap_4.o
START GROUP
LOAD D:/Tools/STM32IDE/STM32CubeIDE_1.17.0/STM32CubeIDE/plugins/com.st.stm32cube.ide.mcu.externaltools.gnu-tools-for-stm32.13.3.rel1.win32_1.0.0.202411081344/tools/bin/../lib/gcc/arm-none-eabi/13.3.1/../../../../arm-none-eabi/lib/thumb/v7e-m+fp/hard\libc_nano.a
LOAD D:/Tools/STM32IDE/STM32CubeIDE_1.17.0/STM32CubeIDE/plugins/com.st.stm32cube.ide.mcu.externaltools.gnu-tools-for-stm32.13.3.rel1.win32_1.0.0.202411081344/tools/bin/../lib/gcc/arm-none-eabi/13.3.1/../../../../arm-none-eabi/lib/thumb/v7e-m+fp/hard\libm.a
END GROUP
START GROUP
LOAD D:/Tools/STM32IDE/STM32CubeIDE_1.17.0/STM32CubeIDE/plugins/com.st.stm32cube.ide.mcu.externaltools.gnu-tools-for-stm32.13.3.rel1.win32_1.0.0.202411081344/tools/bin/../lib/gcc/arm-none-eabi/13.3.1/thumb/v7e-m+fp/hard\libgcc.a
LOAD D:/Tools/STM32IDE/STM32CubeIDE_1.17.0/STM32CubeIDE/plugins/com.st.stm32cube.ide.mcu.externaltools.gnu-tools-for-stm32.13.3.rel1.win32_1.0.0.202411081344/tools/bin/../lib/gcc/arm-none-eabi/13.3.1/../../../../arm-none-eabi/lib/thumb/v7e-m+fp/hard\libc_nano.a
END GROUP
START GROUP
LOAD D:/Tools/STM32IDE/STM32CubeIDE_1.17.0/STM32CubeIDE/plugins/com.st.stm32cube.ide.mcu.externaltools.gnu-tools-for-stm32.13.3.rel1.win32_1.0.0.202411081344/tools/bin/../lib/gcc/arm-none-eabi/13.3.1/thumb/v7e-m+fp/hard\libgcc.a
LOAD D:/Tools/STM32IDE/STM32CubeIDE_1.17.0/STM32CubeIDE/plugins/com.st.stm32cube.ide.mcu.externaltools.gnu-tools-for-stm32.13.3.rel1.win32_1.0.0.202411081344/tools/bin/../lib/gcc/arm-none-eabi/13.3.1/../../../../arm-none-eabi/lib/thumb/v7e-m+fp/hard\libc_nano.a
LOAD D:/Tools/STM32IDE/STM32CubeIDE_1.17.0/STM32CubeIDE/plugins/com.st.stm32cube.ide.mcu.externaltools.gnu-tools-for-stm32.13.3.rel1.win32_1.0.0.202411081344/tools/bin/../lib/gcc/arm-none-eabi/13.3.1/../../../../arm-none-eabi/lib/thumb/v7e-m+fp/hard\libnosys.a
END GROUP
START GROUP
LOAD D:/Tools/STM32IDE/STM32CubeIDE_1.17.0/STM32CubeIDE/plugins/com.st.stm32cube.ide.mcu.externaltools.gnu-tools-for-stm32.13.3.rel1.win32_1.0.0.202411081344/tools/bin/../lib/gcc/arm-none-eabi/13.3.1/thumb/v7e-m+fp/hard\libgcc.a
LOAD D:/Tools/STM32IDE/STM32CubeIDE_1.17.0/STM32CubeIDE/plugins/com.st.stm32cube.ide.mcu.externaltools.gnu-tools-for-stm32.13.3.rel1.win32_1.0.0.202411081344/tools/bin/../lib/gcc/arm-none-eabi/13.3.1/../../../../arm-none-eabi/lib/thumb/v7e-m+fp/hard\libc_nano.a
LOAD D:/Tools/STM32IDE/STM32CubeIDE_1.17.0/STM32CubeIDE/plugins/com.st.stm32cube.ide.mcu.externaltools.gnu-tools-for-stm32.13.3.rel1.win32_1.0.0.202411081344/tools/bin/../lib/gcc/arm-none-eabi/13.3.1/../../../../arm-none-eabi/lib/thumb/v7e-m+fp/hard\libnosys.a
END GROUP
LOAD D:/Tools/STM32IDE/STM32CubeIDE_1.17.0/STM32CubeIDE/plugins/com.st.stm32cube.ide.mcu.externaltools.gnu-tools-for-stm32.13.3.rel1.win32_1.0.0.202411081344/tools/bin/../lib/gcc/arm-none-eabi/13.3.1/thumb/v7e-m+fp/hard/crtend.o
LOAD D:/Tools/STM32IDE/STM32CubeIDE_1.17.0/STM32CubeIDE/plugins/com.st.stm32cube.ide.mcu.externaltools.gnu-tools-for-stm32.13.3.rel1.win32_1.0.0.202411081344/tools/bin/../lib/gcc/arm-none-eabi/13.3.1/thumb/v7e-m+fp/hard/crtn.o
                0x20020000                        _estack = (ORIGIN (RAM) + LENGTH (RAM))
                0x00000200                        _Min_Heap_Size = 0x200
                0x00000400                        _Min_Stack_Size = 0x400

.isr_vector     0x08000000      0x188
                0x08000000                        . = ALIGN (0x4)
 *(.isr_vector)
 .isr_vector    0x08000000      0x188 ./Core/Startup/startup_stm32f405rgtx.o
                0x08000000                g_pfnVectors
                0x08000188                        . = ALIGN (0x4)

.text           0x08000190     0xd40c
                0x08000190                        . = ALIGN (0x4)
 *(.text)
 .text          0x08000190       0x40 D:/Tools/STM32IDE/STM32CubeIDE_1.17.0/STM32CubeIDE/plugins/com.st.stm32cube.ide.mcu.externaltools.gnu-tools-for-stm32.13.3.rel1.win32_1.0.0.202411081344/tools/bin/../lib/gcc/arm-none-eabi/13.3.1/thumb/v7e-m+fp/hard/crtbegin.o
 .text          0x080001d0       0xa0 D:/Tools/STM32IDE/STM32CubeIDE_1.17.0/STM32CubeIDE/plugins/com.st.stm32cube.ide.mcu.externaltools.gnu-tools-for-stm32.13.3.rel1.win32_1.0.0.202411081344/tools/bin/../lib/gcc/arm-none-eabi/13.3.1/../../../../arm-none-eabi/lib/thumb/v7e-m+fp/hard\libc_nano.a(libc_a-memchr.o)
                0x080001d0                memchr
 .text          0x08000270       0x10 D:/Tools/STM32IDE/STM32CubeIDE_1.17.0/STM32CubeIDE/plugins/com.st.stm32cube.ide.mcu.externaltools.gnu-tools-for-stm32.13.3.rel1.win32_1.0.0.202411081344/tools/bin/../lib/gcc/arm-none-eabi/13.3.1/../../../../arm-none-eabi/lib/thumb/v7e-m+fp/hard\libc_nano.a(libc_a-strlen.o)
                0x08000270                strlen
 .text          0x08000280      0x378 D:/Tools/STM32IDE/STM32CubeIDE_1.17.0/STM32CubeIDE/plugins/com.st.stm32cube.ide.mcu.externaltools.gnu-tools-for-stm32.13.3.rel1.win32_1.0.0.202411081344/tools/bin/../lib/gcc/arm-none-eabi/13.3.1/thumb/v7e-m+fp/hard\libgcc.a(_arm_addsubdf3.o)
                0x08000280                __aeabi_drsub
                0x08000288                __aeabi_dsub
                0x08000288                __subdf3
                0x0800028c                __aeabi_dadd
                0x0800028c                __adddf3
                0x08000504                __floatunsidf
                0x08000504                __aeabi_ui2d
                0x08000524                __floatsidf
                0x08000524                __aeabi_i2d
                0x08000548                __aeabi_f2d
                0x08000548                __extendsfdf2
                0x0800058c                __floatundidf
                0x0800058c                __aeabi_ul2d
                0x0800059c                __floatdidf
                0x0800059c                __aeabi_l2d
 .text          0x080005f8      0x424 D:/Tools/STM32IDE/STM32CubeIDE_1.17.0/STM32CubeIDE/plugins/com.st.stm32cube.ide.mcu.externaltools.gnu-tools-for-stm32.13.3.rel1.win32_1.0.0.202411081344/tools/bin/../lib/gcc/arm-none-eabi/13.3.1/thumb/v7e-m+fp/hard\libgcc.a(_arm_muldivdf3.o)
                0x080005f8                __aeabi_dmul
                0x080005f8                __muldf3
                0x0800084c                __divdf3
                0x0800084c                __aeabi_ddiv
 .text          0x08000a1c      0x110 D:/Tools/STM32IDE/STM32CubeIDE_1.17.0/STM32CubeIDE/plugins/com.st.stm32cube.ide.mcu.externaltools.gnu-tools-for-stm32.13.3.rel1.win32_1.0.0.202411081344/tools/bin/../lib/gcc/arm-none-eabi/13.3.1/thumb/v7e-m+fp/hard\libgcc.a(_arm_cmpdf2.o)
                0x08000a1c                __gtdf2
                0x08000a1c                __gedf2
                0x08000a24                __ltdf2
                0x08000a24                __ledf2
                0x08000a2c                __nedf2
                0x08000a2c                __eqdf2
                0x08000a2c                __cmpdf2
                0x08000aa8                __aeabi_cdrcmple
                0x08000ab8                __aeabi_cdcmpeq
                0x08000ab8                __aeabi_cdcmple
                0x08000ac8                __aeabi_dcmpeq
                0x08000adc                __aeabi_dcmplt
                0x08000af0                __aeabi_dcmple
                0x08000b04                __aeabi_dcmpge
                0x08000b18                __aeabi_dcmpgt
 .text          0x08000b2c       0x2c D:/Tools/STM32IDE/STM32CubeIDE_1.17.0/STM32CubeIDE/plugins/com.st.stm32cube.ide.mcu.externaltools.gnu-tools-for-stm32.13.3.rel1.win32_1.0.0.202411081344/tools/bin/../lib/gcc/arm-none-eabi/13.3.1/thumb/v7e-m+fp/hard\libgcc.a(_arm_unorddf2.o)
                0x08000b2c                __unorddf2
                0x08000b2c                __aeabi_dcmpun
 .text          0x08000b58       0x50 D:/Tools/STM32IDE/STM32CubeIDE_1.17.0/STM32CubeIDE/plugins/com.st.stm32cube.ide.mcu.externaltools.gnu-tools-for-stm32.13.3.rel1.win32_1.0.0.202411081344/tools/bin/../lib/gcc/arm-none-eabi/13.3.1/thumb/v7e-m+fp/hard\libgcc.a(_arm_fixdfsi.o)
                0x08000b58                __aeabi_d2iz
                0x08000b58                __fixdfsi
 .text          0x08000ba8       0x30 D:/Tools/STM32IDE/STM32CubeIDE_1.17.0/STM32CubeIDE/plugins/com.st.stm32cube.ide.mcu.externaltools.gnu-tools-for-stm32.13.3.rel1.win32_1.0.0.202411081344/tools/bin/../lib/gcc/arm-none-eabi/13.3.1/thumb/v7e-m+fp/hard\libgcc.a(_aeabi_uldivmod.o)
                0x08000ba8                __aeabi_uldivmod
 .text          0x08000bd8      0x2f8 D:/Tools/STM32IDE/STM32CubeIDE_1.17.0/STM32CubeIDE/plugins/com.st.stm32cube.ide.mcu.externaltools.gnu-tools-for-stm32.13.3.rel1.win32_1.0.0.202411081344/tools/bin/../lib/gcc/arm-none-eabi/13.3.1/thumb/v7e-m+fp/hard\libgcc.a(_udivmoddi4.o)
                0x08000bd8                __udivmoddi4
 .text          0x08000ed0        0x4 D:/Tools/STM32IDE/STM32CubeIDE_1.17.0/STM32CubeIDE/plugins/com.st.stm32cube.ide.mcu.externaltools.gnu-tools-for-stm32.13.3.rel1.win32_1.0.0.202411081344/tools/bin/../lib/gcc/arm-none-eabi/13.3.1/thumb/v7e-m+fp/hard\libgcc.a(_dvmd_tls.o)
                0x08000ed0                __aeabi_idiv0
                0x08000ed0                __aeabi_ldiv0
 *(.text*)
 .text.spi1_communication
                0x08000ed4       0x3c ./Core/Src/LCD_Driver.o
                0x08000ed4                spi1_communication
 .text.lcd_write_byte
                0x08000f10       0x58 ./Core/Src/LCD_Driver.o
                0x08000f10                lcd_write_byte
 .text.lcd_write_word
                0x08000f68       0x50 ./Core/Src/LCD_Driver.o
                0x08000f68                lcd_write_word
 .text.lcd_write_command
                0x08000fb8       0x2c ./Core/Src/LCD_Driver.o
                0x08000fb8                lcd_write_command
 .text.delay_ms
                0x08000fe4       0x36 ./Core/Src/LCD_Driver.o
                0x08000fe4                delay_ms
 *fill*         0x0800101a        0x2 
 .text.lcd_init
                0x0800101c      0x210 ./Core/Src/LCD_Driver.o
                0x0800101c                lcd_init
 .text.lcd_clear_screen
                0x0800122c      0x158 ./Core/Src/LCD_Driver.o
                0x0800122c                lcd_clear_screen
 .text.lcd_set_cursor
                0x08001384       0x68 ./Core/Src/LCD_Driver.o
                0x08001384                lcd_set_cursor
 .text.lcd_display_char
                0x080013ec      0x168 ./Core/Src/LCD_Driver.o
                0x080013ec                lcd_display_char
 .text.lcd_display_string
                0x08001554       0x98 ./Core/Src/LCD_Driver.o
                0x08001554                lcd_display_string
 .text.lcd_draw_dot
                0x080015ec       0x46 ./Core/Src/LCD_Driver.o
                0x080015ec                lcd_draw_dot
 .text.lcd_draw_line
                0x08001632       0xf4 ./Core/Src/LCD_Driver.o
                0x08001632                lcd_draw_line
 .text.lcd_draw_circle
                0x08001726      0x10e ./Core/Src/LCD_Driver.o
                0x08001726                lcd_draw_circle
 .text.lcd_fill_rect
                0x08001834       0x76 ./Core/Src/LCD_Driver.o
                0x08001834                lcd_fill_rect
 .text.lcd_draw_v_line
                0x080018aa       0x68 ./Core/Src/LCD_Driver.o
                0x080018aa                lcd_draw_v_line
 .text.lcd_draw_h_line
                0x08001912       0x64 ./Core/Src/LCD_Driver.o
                0x08001912                lcd_draw_h_line
 .text.lcd_draw_rect
                0x08001976       0x76 ./Core/Src/LCD_Driver.o
                0x08001976                lcd_draw_rect
 .text.vPortSuppressTicksAndSleep
                0x080019ec       0x14 ./Core/Src/freertos.o
                0x080019ec                vPortSuppressTicksAndSleep
 .text.__NVIC_EnableIRQ
                0x08001a00       0x3c ./Core/Src/main.o
 .text.__NVIC_DisableIRQ
                0x08001a3c       0x48 ./Core/Src/main.o
 .text.lcd_set_rotation
                0x08001a84       0x58 ./Core/Src/main.o
                0x08001a84                lcd_set_rotation
 .text.Draw_BaseScreen
                0x08001adc       0xf0 ./Core/Src/main.o
                0x08001adc                Draw_BaseScreen
 .text.ShowMainMenu
                0x08001bcc      0x1c8 ./Core/Src/main.o
                0x08001bcc                ShowMainMenu
 .text.Draw_Task02_3_Screen
                0x08001d94       0xbc ./Core/Src/main.o
                0x08001d94                Draw_Task02_3_Screen
 .text.UpdateZoneDisplay
                0x08001e50       0x78 ./Core/Src/main.o
                0x08001e50                UpdateZoneDisplay
 .text.toggleZone
                0x08001ec8      0x118 ./Core/Src/main.o
                0x08001ec8                toggleZone
 .text.readInternalTempRaw
                0x08001fe0       0x34 ./Core/Src/main.o
                0x08001fe0                readInternalTempRaw
 .text.getChipTemperature
                0x08002014       0x60 ./Core/Src/main.o
                0x08002014                getChipTemperature
 .text.storeLastCan
                0x08002074       0x2c ./Core/Src/main.o
                0x08002074                storeLastCan
 .text.getLastCan
                0x080020a0       0x30 ./Core/Src/main.o
                0x080020a0                getLastCan
 .text.DWT_Delay_Init
                0x080020d0       0x40 ./Core/Src/main.o
 .text.DWT_Delay_us
                0x08002110       0x4c ./Core/Src/main.o
 .text.playToneDAC
                0x0800215c       0x98 ./Core/Src/main.o
 .text.sleepMode_init
                0x080021f4       0xdc ./Core/Src/main.o
 .text.main     0x080022d0      0x12c ./Core/Src/main.o
                0x080022d0                main
 .text.SystemClock_Config
                0x080023fc       0xd4 ./Core/Src/main.o
                0x080023fc                SystemClock_Config
 .text.MX_ADC1_Init
                0x080024d0       0xa4 ./Core/Src/main.o
 .text.MX_CAN1_Init
                0x08002574       0xbc ./Core/Src/main.o
 .text.MX_CAN2_Init
                0x08002630       0xc0 ./Core/Src/main.o
 .text.MX_DAC_Init
                0x080026f0       0x54 ./Core/Src/main.o
 .text.MX_SPI1_Init
                0x08002744       0x6c ./Core/Src/main.o
 .text.MX_UART4_Init
                0x080027b0       0x54 ./Core/Src/main.o
 .text.MX_GPIO_Init
                0x08002804      0x130 ./Core/Src/main.o
 .text.HAL_GPIO_EXTI_Callback
                0x08002934       0x16 ./Core/Src/main.o
                0x08002934                HAL_GPIO_EXTI_Callback
 *fill*         0x0800294a        0x2 
 .text.HAL_CAN_RxFifo0MsgPendingCallback
                0x0800294c       0xa4 ./Core/Src/main.o
                0x0800294c                HAL_CAN_RxFifo0MsgPendingCallback
 .text.ScaleTouch
                0x080029f0       0x64 ./Core/Src/main.o
 .text.ProcessMenuTouch
                0x08002a54      0x190 ./Core/Src/main.o
                0x08002a54                ProcessMenuTouch
 .text.StartTask01_Display
                0x08002be4       0xf8 ./Core/Src/main.o
                0x08002be4                StartTask01_Display
 .text.StartTask02_Touch
                0x08002cdc       0x78 ./Core/Src/main.o
                0x08002cdc                StartTask02_Touch
 .text.StartTask_LED
                0x08002d54       0x40 ./Core/Src/main.o
                0x08002d54                StartTask_LED
 .text.StartTask_CAN
                0x08002d94       0x90 ./Core/Src/main.o
                0x08002d94                StartTask_CAN
 .text.StartTask_DispCAN
                0x08002e24       0x88 ./Core/Src/main.o
                0x08002e24                StartTask_DispCAN
 .text.StartTask_DAC
                0x08002eac      0x1ec ./Core/Src/main.o
                0x08002eac                StartTask_DAC
 .text.HAL_TIM_PeriodElapsedCallback
                0x08003098       0x1e ./Core/Src/main.o
                0x08003098                HAL_TIM_PeriodElapsedCallback
 .text.Error_Handler
                0x080030b6        0xc ./Core/Src/main.o
                0x080030b6                Error_Handler
 *fill*         0x080030c2        0x2 
 .text.HAL_MspInit
                0x080030c4       0x68 ./Core/Src/stm32f4xx_hal_msp.o
                0x080030c4                HAL_MspInit
 .text.HAL_ADC_MspInit
                0x0800312c       0x44 ./Core/Src/stm32f4xx_hal_msp.o
                0x0800312c                HAL_ADC_MspInit
 .text.HAL_CAN_MspInit
                0x08003170      0x1a4 ./Core/Src/stm32f4xx_hal_msp.o
                0x08003170                HAL_CAN_MspInit
 .text.HAL_DAC_MspInit
                0x08003314       0x88 ./Core/Src/stm32f4xx_hal_msp.o
                0x08003314                HAL_DAC_MspInit
 .text.HAL_SPI_MspInit
                0x0800339c       0xd0 ./Core/Src/stm32f4xx_hal_msp.o
                0x0800339c                HAL_SPI_MspInit
 .text.HAL_UART_MspInit
                0x0800346c       0x90 ./Core/Src/stm32f4xx_hal_msp.o
                0x0800346c                HAL_UART_MspInit
 .text.HAL_InitTick
                0x080034fc       0xf8 ./Core/Src/stm32f4xx_hal_timebase_tim.o
                0x080034fc                HAL_InitTick
 .text.HAL_SuspendTick
                0x080035f4       0x24 ./Core/Src/stm32f4xx_hal_timebase_tim.o
                0x080035f4                HAL_SuspendTick
 .text.HAL_ResumeTick
                0x08003618       0x24 ./Core/Src/stm32f4xx_hal_timebase_tim.o
                0x08003618                HAL_ResumeTick
 .text.NMI_Handler
                0x0800363c        0x8 ./Core/Src/stm32f4xx_it.o
                0x0800363c                NMI_Handler
 .text.HardFault_Handler
                0x08003644        0x8 ./Core/Src/stm32f4xx_it.o
                0x08003644                HardFault_Handler
 .text.MemManage_Handler
                0x0800364c        0x8 ./Core/Src/stm32f4xx_it.o
                0x0800364c                MemManage_Handler
 .text.BusFault_Handler
                0x08003654        0x8 ./Core/Src/stm32f4xx_it.o
                0x08003654                BusFault_Handler
 .text.UsageFault_Handler
                0x0800365c        0x8 ./Core/Src/stm32f4xx_it.o
                0x0800365c                UsageFault_Handler
 .text.DebugMon_Handler
                0x08003664        0xe ./Core/Src/stm32f4xx_it.o
                0x08003664                DebugMon_Handler
 .text.PVD_IRQHandler
                0x08003672        0xc ./Core/Src/stm32f4xx_it.o
                0x08003672                PVD_IRQHandler
 .text.EXTI4_IRQHandler
                0x0800367e        0xe ./Core/Src/stm32f4xx_it.o
                0x0800367e                EXTI4_IRQHandler
 .text.CAN1_TX_IRQHandler
                0x0800368c       0x14 ./Core/Src/stm32f4xx_it.o
                0x0800368c                CAN1_TX_IRQHandler
 .text.CAN1_RX0_IRQHandler
                0x080036a0       0x14 ./Core/Src/stm32f4xx_it.o
                0x080036a0                CAN1_RX0_IRQHandler
 .text.CAN1_RX1_IRQHandler
                0x080036b4       0x14 ./Core/Src/stm32f4xx_it.o
                0x080036b4                CAN1_RX1_IRQHandler
 .text.TIM2_IRQHandler
                0x080036c8       0x14 ./Core/Src/stm32f4xx_it.o
                0x080036c8                TIM2_IRQHandler
 .text.CAN2_TX_IRQHandler
                0x080036dc       0x14 ./Core/Src/stm32f4xx_it.o
                0x080036dc                CAN2_TX_IRQHandler
 .text.CAN2_RX0_IRQHandler
                0x080036f0       0x14 ./Core/Src/stm32f4xx_it.o
                0x080036f0                CAN2_RX0_IRQHandler
 .text.CAN2_RX1_IRQHandler
                0x08003704       0x14 ./Core/Src/stm32f4xx_it.o
                0x08003704                CAN2_RX1_IRQHandler
 .text._getpid  0x08003718       0x10 ./Core/Src/syscalls.o
                0x08003718                _getpid
 .text._kill    0x08003728       0x20 ./Core/Src/syscalls.o
                0x08003728                _kill
 .text._exit    0x08003748       0x16 ./Core/Src/syscalls.o
                0x08003748                _exit
 .text._read    0x0800375e       0x3a ./Core/Src/syscalls.o
                0x0800375e                _read
 .text._write   0x08003798       0x38 ./Core/Src/syscalls.o
                0x08003798                _write
 .text._close   0x080037d0       0x18 ./Core/Src/syscalls.o
                0x080037d0                _close
 .text._fstat   0x080037e8       0x20 ./Core/Src/syscalls.o
                0x080037e8                _fstat
 .text._isatty  0x08003808       0x16 ./Core/Src/syscalls.o
                0x08003808                _isatty
 .text._lseek   0x0800381e       0x1a ./Core/Src/syscalls.o
                0x0800381e                _lseek
 .text._sbrk    0x08003838       0x6c ./Core/Src/sysmem.o
                0x08003838                _sbrk
 .text.SystemInit
                0x080038a4       0x24 ./Core/Src/system_stm32f4xx.o
                0x080038a4                SystemInit
 .text.tp_init  0x080038c8        0xc ./Core/Src/touch.o
                0x080038c8                tp_init
 .text.tp_draw_touch_point
                0x080038d4       0xaa ./Core/Src/touch.o
                0x080038d4                tp_draw_touch_point
 *fill*         0x0800397e        0x2 
 .text.tp_scan  0x08003980      0x150 ./Core/Src/touch.o
                0x08003980                tp_scan
 .text.tp_adjust
                0x08003ad0       0x74 ./Core/Src/touch.o
                0x08003ad0                tp_adjust
 .text.tp_dialog
                0x08003b44       0x28 ./Core/Src/touch.o
                0x08003b44                tp_dialog
 .text.xpt2046_write_byte
                0x08003b6c       0x30 ./Core/Src/xpt2046.o
                0x08003b6c                xpt2046_write_byte
 .text.xpt2046_init
                0x08003b9c       0x2c ./Core/Src/xpt2046.o
                0x08003b9c                xpt2046_init
 .text.xpt2046_read_ad_value
                0x08003bc8       0x64 ./Core/Src/xpt2046.o
                0x08003bc8                xpt2046_read_ad_value
 .text.xpt2046_read_average
                0x08003c2c       0xf0 ./Core/Src/xpt2046.o
                0x08003c2c                xpt2046_read_average
 .text.xpt2046_read_xy
                0x08003d1c       0x2e ./Core/Src/xpt2046.o
                0x08003d1c                xpt2046_read_xy
 .text.xpt2046_twice_read_xy
                0x08003d4a       0xa0 ./Core/Src/xpt2046.o
                0x08003d4a                xpt2046_twice_read_xy
 *fill*         0x08003dea        0x2 
 .text.Reset_Handler
                0x08003dec       0x50 ./Core/Startup/startup_stm32f405rgtx.o
                0x08003dec                Reset_Handler
 .text.Default_Handler
                0x08003e3c        0x2 ./Core/Startup/startup_stm32f405rgtx.o
                0x08003e3c                RTC_Alarm_IRQHandler
                0x08003e3c                HASH_RNG_IRQHandler
                0x08003e3c                EXTI2_IRQHandler
                0x08003e3c                TIM8_CC_IRQHandler
                0x08003e3c                TIM1_CC_IRQHandler
                0x08003e3c                DMA2_Stream5_IRQHandler
                0x08003e3c                DMA1_Stream5_IRQHandler
                0x08003e3c                SDIO_IRQHandler
                0x08003e3c                TAMP_STAMP_IRQHandler
                0x08003e3c                EXTI3_IRQHandler
                0x08003e3c                TIM8_TRG_COM_TIM14_IRQHandler
                0x08003e3c                TIM1_UP_TIM10_IRQHandler
                0x08003e3c                TIM8_UP_TIM13_IRQHandler
                0x08003e3c                I2C3_ER_IRQHandler
                0x08003e3c                EXTI0_IRQHandler
                0x08003e3c                I2C2_EV_IRQHandler
                0x08003e3c                DMA1_Stream2_IRQHandler
                0x08003e3c                FPU_IRQHandler
                0x08003e3c                OTG_HS_WKUP_IRQHandler
                0x08003e3c                CAN2_SCE_IRQHandler
                0x08003e3c                DMA2_Stream2_IRQHandler
                0x08003e3c                SPI1_IRQHandler
                0x08003e3c                TIM6_DAC_IRQHandler
                0x08003e3c                TIM1_BRK_TIM9_IRQHandler
                0x08003e3c                DMA2_Stream3_IRQHandler
                0x08003e3c                USART6_IRQHandler
                0x08003e3c                USART3_IRQHandler
                0x08003e3c                UART5_IRQHandler
                0x08003e3c                DMA2_Stream0_IRQHandler
                0x08003e3c                TIM4_IRQHandler
                0x08003e3c                I2C1_EV_IRQHandler
                0x08003e3c                DMA1_Stream6_IRQHandler
                0x08003e3c                DMA1_Stream1_IRQHandler
                0x08003e3c                UART4_IRQHandler
                0x08003e3c                TIM3_IRQHandler
                0x08003e3c                RCC_IRQHandler
                0x08003e3c                TIM8_BRK_TIM12_IRQHandler
                0x08003e3c                Default_Handler
                0x08003e3c                EXTI15_10_IRQHandler
                0x08003e3c                ADC_IRQHandler
                0x08003e3c                DMA1_Stream7_IRQHandler
                0x08003e3c                TIM7_IRQHandler
                0x08003e3c                TIM5_IRQHandler
                0x08003e3c                DMA2_Stream7_IRQHandler
                0x08003e3c                I2C3_EV_IRQHandler
                0x08003e3c                EXTI9_5_IRQHandler
                0x08003e3c                RTC_WKUP_IRQHandler
                0x08003e3c                SPI2_IRQHandler
                0x08003e3c                OTG_HS_EP1_IN_IRQHandler
                0x08003e3c                DMA1_Stream0_IRQHandler
                0x08003e3c                FSMC_IRQHandler
                0x08003e3c                OTG_HS_EP1_OUT_IRQHandler
                0x08003e3c                WWDG_IRQHandler
                0x08003e3c                OTG_FS_WKUP_IRQHandler
                0x08003e3c                TIM1_TRG_COM_TIM11_IRQHandler
                0x08003e3c                OTG_HS_IRQHandler
                0x08003e3c                EXTI1_IRQHandler
                0x08003e3c                USART2_IRQHandler
                0x08003e3c                I2C2_ER_IRQHandler
                0x08003e3c                DMA2_Stream1_IRQHandler
                0x08003e3c                CAN1_SCE_IRQHandler
                0x08003e3c                FLASH_IRQHandler
                0x08003e3c                DMA2_Stream4_IRQHandler
                0x08003e3c                USART1_IRQHandler
                0x08003e3c                OTG_FS_IRQHandler
                0x08003e3c                SPI3_IRQHandler
                0x08003e3c                DMA1_Stream4_IRQHandler
                0x08003e3c                I2C1_ER_IRQHandler
                0x08003e3c                DMA2_Stream6_IRQHandler
                0x08003e3c                DMA1_Stream3_IRQHandler
 *fill*         0x08003e3e        0x2 
 .text.HAL_Init
                0x08003e40       0x44 ./Drivers/STM32F4xx_HAL_Driver/Src/stm32f4xx_hal.o
                0x08003e40                HAL_Init
 .text.HAL_IncTick
                0x08003e84       0x28 ./Drivers/STM32F4xx_HAL_Driver/Src/stm32f4xx_hal.o
                0x08003e84                HAL_IncTick
 .text.HAL_GetTick
                0x08003eac       0x18 ./Drivers/STM32F4xx_HAL_Driver/Src/stm32f4xx_hal.o
                0x08003eac                HAL_GetTick
 .text.HAL_ADC_Init
                0x08003ec4       0x86 ./Drivers/STM32F4xx_HAL_Driver/Src/stm32f4xx_hal_adc.o
                0x08003ec4                HAL_ADC_Init
 *fill*         0x08003f4a        0x2 
 .text.HAL_ADC_Start
                0x08003f4c      0x1a4 ./Drivers/STM32F4xx_HAL_Driver/Src/stm32f4xx_hal_adc.o
                0x08003f4c                HAL_ADC_Start
 .text.HAL_ADC_Stop
                0x080040f0       0x66 ./Drivers/STM32F4xx_HAL_Driver/Src/stm32f4xx_hal_adc.o
                0x080040f0                HAL_ADC_Stop
 .text.HAL_ADC_PollForConversion
                0x08004156      0x116 ./Drivers/STM32F4xx_HAL_Driver/Src/stm32f4xx_hal_adc.o
                0x08004156                HAL_ADC_PollForConversion
 .text.HAL_ADC_GetValue
                0x0800426c       0x1a ./Drivers/STM32F4xx_HAL_Driver/Src/stm32f4xx_hal_adc.o
                0x0800426c                HAL_ADC_GetValue
 *fill*         0x08004286        0x2 
 .text.HAL_ADC_ConfigChannel
                0x08004288      0x244 ./Drivers/STM32F4xx_HAL_Driver/Src/stm32f4xx_hal_adc.o
                0x08004288                HAL_ADC_ConfigChannel
 .text.ADC_Init
                0x080044cc      0x1f8 ./Drivers/STM32F4xx_HAL_Driver/Src/stm32f4xx_hal_adc.o
 .text.HAL_CAN_Init
                0x080046c4      0x1f6 ./Drivers/STM32F4xx_HAL_Driver/Src/stm32f4xx_hal_can.o
                0x080046c4                HAL_CAN_Init
 *fill*         0x080048ba        0x2 
 .text.HAL_CAN_ConfigFilter
                0x080048bc      0x1bc ./Drivers/STM32F4xx_HAL_Driver/Src/stm32f4xx_hal_can.o
                0x080048bc                HAL_CAN_ConfigFilter
 .text.HAL_CAN_Start
                0x08004a78       0x88 ./Drivers/STM32F4xx_HAL_Driver/Src/stm32f4xx_hal_can.o
                0x08004a78                HAL_CAN_Start
 .text.HAL_CAN_AddTxMessage
                0x08004b00      0x1a0 ./Drivers/STM32F4xx_HAL_Driver/Src/stm32f4xx_hal_can.o
                0x08004b00                HAL_CAN_AddTxMessage
 .text.HAL_CAN_GetRxMessage
                0x08004ca0      0x244 ./Drivers/STM32F4xx_HAL_Driver/Src/stm32f4xx_hal_can.o
                0x08004ca0                HAL_CAN_GetRxMessage
 .text.HAL_CAN_GetRxFifoFillLevel
                0x08004ee4       0x50 ./Drivers/STM32F4xx_HAL_Driver/Src/stm32f4xx_hal_can.o
                0x08004ee4                HAL_CAN_GetRxFifoFillLevel
 .text.HAL_CAN_ActivateNotification
                0x08004f34       0x4c ./Drivers/STM32F4xx_HAL_Driver/Src/stm32f4xx_hal_can.o
                0x08004f34                HAL_CAN_ActivateNotification
 .text.HAL_CAN_DeactivateNotification
                0x08004f80       0x4e ./Drivers/STM32F4xx_HAL_Driver/Src/stm32f4xx_hal_can.o
                0x08004f80                HAL_CAN_DeactivateNotification
 .text.HAL_CAN_IRQHandler
                0x08004fce      0x36e ./Drivers/STM32F4xx_HAL_Driver/Src/stm32f4xx_hal_can.o
                0x08004fce                HAL_CAN_IRQHandler
 .text.HAL_CAN_TxMailbox0CompleteCallback
                0x0800533c       0x14 ./Drivers/STM32F4xx_HAL_Driver/Src/stm32f4xx_hal_can.o
                0x0800533c                HAL_CAN_TxMailbox0CompleteCallback
 .text.HAL_CAN_TxMailbox1CompleteCallback
                0x08005350       0x14 ./Drivers/STM32F4xx_HAL_Driver/Src/stm32f4xx_hal_can.o
                0x08005350                HAL_CAN_TxMailbox1CompleteCallback
 .text.HAL_CAN_TxMailbox2CompleteCallback
                0x08005364       0x14 ./Drivers/STM32F4xx_HAL_Driver/Src/stm32f4xx_hal_can.o
                0x08005364                HAL_CAN_TxMailbox2CompleteCallback
 .text.HAL_CAN_TxMailbox0AbortCallback
                0x08005378       0x14 ./Drivers/STM32F4xx_HAL_Driver/Src/stm32f4xx_hal_can.o
                0x08005378                HAL_CAN_TxMailbox0AbortCallback
 .text.HAL_CAN_TxMailbox1AbortCallback
                0x0800538c       0x14 ./Drivers/STM32F4xx_HAL_Driver/Src/stm32f4xx_hal_can.o
                0x0800538c                HAL_CAN_TxMailbox1AbortCallback
 .text.HAL_CAN_TxMailbox2AbortCallback
                0x080053a0       0x14 ./Drivers/STM32F4xx_HAL_Driver/Src/stm32f4xx_hal_can.o
                0x080053a0                HAL_CAN_TxMailbox2AbortCallback
 .text.HAL_CAN_RxFifo0FullCallback
                0x080053b4       0x14 ./Drivers/STM32F4xx_HAL_Driver/Src/stm32f4xx_hal_can.o
                0x080053b4                HAL_CAN_RxFifo0FullCallback
 .text.HAL_CAN_RxFifo1MsgPendingCallback
                0x080053c8       0x14 ./Drivers/STM32F4xx_HAL_Driver/Src/stm32f4xx_hal_can.o
                0x080053c8                HAL_CAN_RxFifo1MsgPendingCallback
 .text.HAL_CAN_RxFifo1FullCallback
                0x080053dc       0x14 ./Drivers/STM32F4xx_HAL_Driver/Src/stm32f4xx_hal_can.o
                0x080053dc                HAL_CAN_RxFifo1FullCallback
 .text.HAL_CAN_SleepCallback
                0x080053f0       0x14 ./Drivers/STM32F4xx_HAL_Driver/Src/stm32f4xx_hal_can.o
                0x080053f0                HAL_CAN_SleepCallback
 .text.HAL_CAN_WakeUpFromRxMsgCallback
                0x08005404       0x14 ./Drivers/STM32F4xx_HAL_Driver/Src/stm32f4xx_hal_can.o
                0x08005404                HAL_CAN_WakeUpFromRxMsgCallback
 .text.HAL_CAN_ErrorCallback
                0x08005418       0x14 ./Drivers/STM32F4xx_HAL_Driver/Src/stm32f4xx_hal_can.o
                0x08005418                HAL_CAN_ErrorCallback
 .text.__NVIC_SetPriorityGrouping
                0x0800542c       0x48 ./Drivers/STM32F4xx_HAL_Driver/Src/stm32f4xx_hal_cortex.o
 .text.__NVIC_GetPriorityGrouping
                0x08005474       0x1c ./Drivers/STM32F4xx_HAL_Driver/Src/stm32f4xx_hal_cortex.o
 .text.__NVIC_EnableIRQ
                0x08005490       0x3c ./Drivers/STM32F4xx_HAL_Driver/Src/stm32f4xx_hal_cortex.o
 .text.__NVIC_SetPriority
                0x080054cc       0x54 ./Drivers/STM32F4xx_HAL_Driver/Src/stm32f4xx_hal_cortex.o
 .text.NVIC_EncodePriority
                0x08005520       0x66 ./Drivers/STM32F4xx_HAL_Driver/Src/stm32f4xx_hal_cortex.o
 .text.HAL_NVIC_SetPriorityGrouping
                0x08005586       0x16 ./Drivers/STM32F4xx_HAL_Driver/Src/stm32f4xx_hal_cortex.o
                0x08005586                HAL_NVIC_SetPriorityGrouping
 .text.HAL_NVIC_SetPriority
                0x0800559c       0x38 ./Drivers/STM32F4xx_HAL_Driver/Src/stm32f4xx_hal_cortex.o
                0x0800559c                HAL_NVIC_SetPriority
 .text.HAL_NVIC_EnableIRQ
                0x080055d4       0x1c ./Drivers/STM32F4xx_HAL_Driver/Src/stm32f4xx_hal_cortex.o
                0x080055d4                HAL_NVIC_EnableIRQ
 .text.HAL_DAC_Init
                0x080055f0       0x44 ./Drivers/STM32F4xx_HAL_Driver/Src/stm32f4xx_hal_dac.o
                0x080055f0                HAL_DAC_Init
 .text.HAL_DAC_Start
                0x08005634       0xae ./Drivers/STM32F4xx_HAL_Driver/Src/stm32f4xx_hal_dac.o
                0x08005634                HAL_DAC_Start
 .text.HAL_DAC_SetValue
                0x080056e2       0x54 ./Drivers/STM32F4xx_HAL_Driver/Src/stm32f4xx_hal_dac.o
                0x080056e2                HAL_DAC_SetValue
 .text.HAL_DAC_ConfigChannel
                0x08005736       0xb2 ./Drivers/STM32F4xx_HAL_Driver/Src/stm32f4xx_hal_dac.o
                0x08005736                HAL_DAC_ConfigChannel
 .text.HAL_GPIO_Init
                0x080057e8      0x338 ./Drivers/STM32F4xx_HAL_Driver/Src/stm32f4xx_hal_gpio.o
                0x080057e8                HAL_GPIO_Init
 .text.HAL_GPIO_ReadPin
                0x08005b20       0x30 ./Drivers/STM32F4xx_HAL_Driver/Src/stm32f4xx_hal_gpio.o
                0x08005b20                HAL_GPIO_ReadPin
 .text.HAL_GPIO_WritePin
                0x08005b50       0x32 ./Drivers/STM32F4xx_HAL_Driver/Src/stm32f4xx_hal_gpio.o
                0x08005b50                HAL_GPIO_WritePin
 .text.HAL_GPIO_TogglePin
                0x08005b82       0x34 ./Drivers/STM32F4xx_HAL_Driver/Src/stm32f4xx_hal_gpio.o
                0x08005b82                HAL_GPIO_TogglePin
 *fill*         0x08005bb6        0x2 
 .text.HAL_GPIO_EXTI_IRQHandler
                0x08005bb8       0x30 ./Drivers/STM32F4xx_HAL_Driver/Src/stm32f4xx_hal_gpio.o
                0x08005bb8                HAL_GPIO_EXTI_IRQHandler
 .text.HAL_PWR_EnterSLEEPMode
                0x08005be8       0x40 ./Drivers/STM32F4xx_HAL_Driver/Src/stm32f4xx_hal_pwr.o
                0x08005be8                HAL_PWR_EnterSLEEPMode
 .text.HAL_PWR_PVD_IRQHandler
                0x08005c28       0x24 ./Drivers/STM32F4xx_HAL_Driver/Src/stm32f4xx_hal_pwr.o
                0x08005c28                HAL_PWR_PVD_IRQHandler
 .text.HAL_PWR_PVDCallback
                0x08005c4c        0xe ./Drivers/STM32F4xx_HAL_Driver/Src/stm32f4xx_hal_pwr.o
                0x08005c4c                HAL_PWR_PVDCallback
 *fill*         0x08005c5a        0x2 
 .text.HAL_RCC_OscConfig
                0x08005c5c      0x4f0 ./Drivers/STM32F4xx_HAL_Driver/Src/stm32f4xx_hal_rcc.o
                0x08005c5c                HAL_RCC_OscConfig
 .text.HAL_RCC_ClockConfig
                0x0800614c      0x1cc ./Drivers/STM32F4xx_HAL_Driver/Src/stm32f4xx_hal_rcc.o
                0x0800614c                HAL_RCC_ClockConfig
 .text.HAL_RCC_GetSysClockFreq
                0x08006318      0x18c ./Drivers/STM32F4xx_HAL_Driver/Src/stm32f4xx_hal_rcc.o
                0x08006318                HAL_RCC_GetSysClockFreq
 .text.HAL_RCC_GetHCLKFreq
                0x080064a4       0x18 ./Drivers/STM32F4xx_HAL_Driver/Src/stm32f4xx_hal_rcc.o
                0x080064a4                HAL_RCC_GetHCLKFreq
 .text.HAL_RCC_GetPCLK1Freq
                0x080064bc       0x28 ./Drivers/STM32F4xx_HAL_Driver/Src/stm32f4xx_hal_rcc.o
                0x080064bc                HAL_RCC_GetPCLK1Freq
 .text.HAL_RCC_GetPCLK2Freq
                0x080064e4       0x28 ./Drivers/STM32F4xx_HAL_Driver/Src/stm32f4xx_hal_rcc.o
                0x080064e4                HAL_RCC_GetPCLK2Freq
 .text.HAL_RCC_GetClockConfig
                0x0800650c       0x64 ./Drivers/STM32F4xx_HAL_Driver/Src/stm32f4xx_hal_rcc.o
                0x0800650c                HAL_RCC_GetClockConfig
 .text.HAL_SPI_Init
                0x08006570      0x112 ./Drivers/STM32F4xx_HAL_Driver/Src/stm32f4xx_hal_spi.o
                0x08006570                HAL_SPI_Init
 .text.HAL_SPI_Transmit
                0x08006682      0x288 ./Drivers/STM32F4xx_HAL_Driver/Src/stm32f4xx_hal_spi.o
                0x08006682                HAL_SPI_Transmit
 .text.HAL_SPI_TransmitReceive
                0x0800690a      0x352 ./Drivers/STM32F4xx_HAL_Driver/Src/stm32f4xx_hal_spi.o
                0x0800690a                HAL_SPI_TransmitReceive
 .text.SPI_WaitFlagStateUntilTimeout
                0x08006c5c      0x110 ./Drivers/STM32F4xx_HAL_Driver/Src/stm32f4xx_hal_spi.o
 .text.SPI_EndRxTxTransaction
                0x08006d6c       0xa8 ./Drivers/STM32F4xx_HAL_Driver/Src/stm32f4xx_hal_spi.o
 .text.HAL_TIM_Base_Init
                0x08006e14       0x9e ./Drivers/STM32F4xx_HAL_Driver/Src/stm32f4xx_hal_tim.o
                0x08006e14                HAL_TIM_Base_Init
 .text.HAL_TIM_Base_MspInit
                0x08006eb2       0x14 ./Drivers/STM32F4xx_HAL_Driver/Src/stm32f4xx_hal_tim.o
                0x08006eb2                HAL_TIM_Base_MspInit
 *fill*         0x08006ec6        0x2 
 .text.HAL_TIM_Base_Start_IT
                0x08006ec8       0xe0 ./Drivers/STM32F4xx_HAL_Driver/Src/stm32f4xx_hal_tim.o
                0x08006ec8                HAL_TIM_Base_Start_IT
 .text.HAL_TIM_IRQHandler
                0x08006fa8      0x1e0 ./Drivers/STM32F4xx_HAL_Driver/Src/stm32f4xx_hal_tim.o
                0x08006fa8                HAL_TIM_IRQHandler
 .text.HAL_TIM_OC_DelayElapsedCallback
                0x08007188       0x14 ./Drivers/STM32F4xx_HAL_Driver/Src/stm32f4xx_hal_tim.o
                0x08007188                HAL_TIM_OC_DelayElapsedCallback
 .text.HAL_TIM_IC_CaptureCallback
                0x0800719c       0x14 ./Drivers/STM32F4xx_HAL_Driver/Src/stm32f4xx_hal_tim.o
                0x0800719c                HAL_TIM_IC_CaptureCallback
 .text.HAL_TIM_PWM_PulseFinishedCallback
                0x080071b0       0x14 ./Drivers/STM32F4xx_HAL_Driver/Src/stm32f4xx_hal_tim.o
                0x080071b0                HAL_TIM_PWM_PulseFinishedCallback
 .text.HAL_TIM_TriggerCallback
                0x080071c4       0x14 ./Drivers/STM32F4xx_HAL_Driver/Src/stm32f4xx_hal_tim.o
                0x080071c4                HAL_TIM_TriggerCallback
 .text.TIM_Base_SetConfig
                0x080071d8      0x14c ./Drivers/STM32F4xx_HAL_Driver/Src/stm32f4xx_hal_tim.o
                0x080071d8                TIM_Base_SetConfig
 .text.HAL_TIMEx_CommutCallback
                0x08007324       0x14 ./Drivers/STM32F4xx_HAL_Driver/Src/stm32f4xx_hal_tim_ex.o
                0x08007324                HAL_TIMEx_CommutCallback
 .text.HAL_TIMEx_BreakCallback
                0x08007338       0x14 ./Drivers/STM32F4xx_HAL_Driver/Src/stm32f4xx_hal_tim_ex.o
                0x08007338                HAL_TIMEx_BreakCallback
 .text.HAL_UART_Init
                0x0800734c       0xa0 ./Drivers/STM32F4xx_HAL_Driver/Src/stm32f4xx_hal_uart.o
                0x0800734c                HAL_UART_Init
 .text.HAL_UART_Transmit
                0x080073ec      0x116 ./Drivers/STM32F4xx_HAL_Driver/Src/stm32f4xx_hal_uart.o
                0x080073ec                HAL_UART_Transmit
 .text.UART_WaitOnFlagUntilTimeout
                0x08007502       0xb2 ./Drivers/STM32F4xx_HAL_Driver/Src/stm32f4xx_hal_uart.o
 .text.UART_EndRxTransfer
                0x080075b4       0xc6 ./Drivers/STM32F4xx_HAL_Driver/Src/stm32f4xx_hal_uart.o
 *fill*         0x0800767a        0x2 
 .text.UART_SetConfig
                0x0800767c      0x4e8 ./Drivers/STM32F4xx_HAL_Driver/Src/stm32f4xx_hal_uart.o
 .text.__NVIC_SetPriority
                0x08007b64       0x54 ./Middlewares/Third_Party/FreeRTOS/Source/CMSIS_RTOS_V2/cmsis_os2.o
 .text.SysTick_Handler
                0x08007bb8       0x20 ./Middlewares/Third_Party/FreeRTOS/Source/CMSIS_RTOS_V2/cmsis_os2.o
                0x08007bb8                SysTick_Handler
 .text.SVC_Setup
                0x08007bd8       0x12 ./Middlewares/Third_Party/FreeRTOS/Source/CMSIS_RTOS_V2/cmsis_os2.o
 *fill*         0x08007bea        0x2 
 .text.osKernelInitialize
                0x08007bec       0x48 ./Middlewares/Third_Party/FreeRTOS/Source/CMSIS_RTOS_V2/cmsis_os2.o
                0x08007bec                osKernelInitialize
 .text.osKernelStart
                0x08007c34       0x4c ./Middlewares/Third_Party/FreeRTOS/Source/CMSIS_RTOS_V2/cmsis_os2.o
                0x08007c34                osKernelStart
 .text.osThreadNew
                0x08007c80      0x124 ./Middlewares/Third_Party/FreeRTOS/Source/CMSIS_RTOS_V2/cmsis_os2.o
                0x08007c80                osThreadNew
 .text.osDelay  0x08007da4       0x36 ./Middlewares/Third_Party/FreeRTOS/Source/CMSIS_RTOS_V2/cmsis_os2.o
                0x08007da4                osDelay
 *fill*         0x08007dda        0x2 
 .text.vApplicationGetIdleTaskMemory
                0x08007ddc       0x34 ./Middlewares/Third_Party/FreeRTOS/Source/CMSIS_RTOS_V2/cmsis_os2.o
                0x08007ddc                vApplicationGetIdleTaskMemory
 .text.vApplicationGetTimerTaskMemory
                0x08007e10       0x34 ./Middlewares/Third_Party/FreeRTOS/Source/CMSIS_RTOS_V2/cmsis_os2.o
                0x08007e10                vApplicationGetTimerTaskMemory
 .text.vListInitialise
                0x08007e44       0x40 ./Middlewares/Third_Party/FreeRTOS/Source/list.o
                0x08007e44                vListInitialise
 .text.vListInitialiseItem
                0x08007e84       0x1a ./Middlewares/Third_Party/FreeRTOS/Source/list.o
                0x08007e84                vListInitialiseItem
 .text.vListInsertEnd
                0x08007e9e       0x48 ./Middlewares/Third_Party/FreeRTOS/Source/list.o
                0x08007e9e                vListInsertEnd
 .text.vListInsert
                0x08007ee6       0x72 ./Middlewares/Third_Party/FreeRTOS/Source/list.o
                0x08007ee6                vListInsert
 .text.uxListRemove
                0x08007f58       0x54 ./Middlewares/Third_Party/FreeRTOS/Source/list.o
                0x08007f58                uxListRemove
 .text.xQueueGenericReset
                0x08007fac       0xd4 ./Middlewares/Third_Party/FreeRTOS/Source/queue.o
                0x08007fac                xQueueGenericReset
 .text.xQueueGenericCreateStatic
                0x08008080       0xfa ./Middlewares/Third_Party/FreeRTOS/Source/queue.o
                0x08008080                xQueueGenericCreateStatic
 .text.prvInitialiseNewQueue
                0x0800817a       0x46 ./Middlewares/Third_Party/FreeRTOS/Source/queue.o
 .text.xQueueGenericSend
                0x080081c0      0x204 ./Middlewares/Third_Party/FreeRTOS/Source/queue.o
                0x080081c0                xQueueGenericSend
 .text.xQueueGenericSendFromISR
                0x080083c4      0x13c ./Middlewares/Third_Party/FreeRTOS/Source/queue.o
                0x080083c4                xQueueGenericSendFromISR
 .text.xQueueReceive
                0x08008500      0x1c4 ./Middlewares/Third_Party/FreeRTOS/Source/queue.o
                0x08008500                xQueueReceive
 .text.prvCopyDataToQueue
                0x080086c4       0xd4 ./Middlewares/Third_Party/FreeRTOS/Source/queue.o
 .text.prvCopyDataFromQueue
                0x08008798       0x4c ./Middlewares/Third_Party/FreeRTOS/Source/queue.o
 .text.prvUnlockQueue
                0x080087e4       0xa4 ./Middlewares/Third_Party/FreeRTOS/Source/queue.o
 .text.prvIsQueueEmpty
                0x08008888       0x2c ./Middlewares/Third_Party/FreeRTOS/Source/queue.o
 .text.prvIsQueueFull
                0x080088b4       0x30 ./Middlewares/Third_Party/FreeRTOS/Source/queue.o
 .text.vQueueAddToRegistry
                0x080088e4       0x54 ./Middlewares/Third_Party/FreeRTOS/Source/queue.o
                0x080088e4                vQueueAddToRegistry
 .text.vQueueWaitForMessageRestricted
                0x08008938       0x68 ./Middlewares/Third_Party/FreeRTOS/Source/queue.o
                0x08008938                vQueueWaitForMessageRestricted
 .text.xTaskCreateStatic
                0x080089a0       0xc0 ./Middlewares/Third_Party/FreeRTOS/Source/tasks.o
                0x080089a0                xTaskCreateStatic
 .text.xTaskCreate
                0x08008a60       0x8a ./Middlewares/Third_Party/FreeRTOS/Source/tasks.o
                0x08008a60                xTaskCreate
 .text.prvInitialiseNewTask
                0x08008aea      0x120 ./Middlewares/Third_Party/FreeRTOS/Source/tasks.o
 *fill*         0x08008c0a        0x2 
 .text.prvAddNewTaskToReadyList
                0x08008c0c       0xe0 ./Middlewares/Third_Party/FreeRTOS/Source/tasks.o
 .text.vTaskDelay
                0x08008cec       0x6c ./Middlewares/Third_Party/FreeRTOS/Source/tasks.o
                0x08008cec                vTaskDelay
 .text.vTaskStartScheduler
                0x08008d58       0xd0 ./Middlewares/Third_Party/FreeRTOS/Source/tasks.o
                0x08008d58                vTaskStartScheduler
 .text.vTaskSuspendAll
                0x08008e28       0x1c ./Middlewares/Third_Party/FreeRTOS/Source/tasks.o
                0x08008e28                vTaskSuspendAll
 .text.prvGetExpectedIdleTime
                0x08008e44       0x70 ./Middlewares/Third_Party/FreeRTOS/Source/tasks.o
 .text.xTaskResumeAll
                0x08008eb4      0x13c ./Middlewares/Third_Party/FreeRTOS/Source/tasks.o
                0x08008eb4                xTaskResumeAll
 .text.xTaskGetTickCount
                0x08008ff0       0x20 ./Middlewares/Third_Party/FreeRTOS/Source/tasks.o
                0x08008ff0                xTaskGetTickCount
 .text.xTaskIncrementTick
                0x08009010      0x174 ./Middlewares/Third_Party/FreeRTOS/Source/tasks.o
                0x08009010                xTaskIncrementTick
 .text.vTaskSwitchContext
                0x08009184       0xbc ./Middlewares/Third_Party/FreeRTOS/Source/tasks.o
                0x08009184                vTaskSwitchContext
 .text.vTaskPlaceOnEventList
                0x08009240       0x4c ./Middlewares/Third_Party/FreeRTOS/Source/tasks.o
                0x08009240                vTaskPlaceOnEventList
 .text.vTaskPlaceOnEventListRestricted
                0x0800928c       0x58 ./Middlewares/Third_Party/FreeRTOS/Source/tasks.o
                0x0800928c                vTaskPlaceOnEventListRestricted
 .text.xTaskRemoveFromEventList
                0x080092e4       0xcc ./Middlewares/Third_Party/FreeRTOS/Source/tasks.o
                0x080092e4                xTaskRemoveFromEventList
 .text.vTaskInternalSetTimeOutState
                0x080093b0       0x2c ./Middlewares/Third_Party/FreeRTOS/Source/tasks.o
                0x080093b0                vTaskInternalSetTimeOutState
 .text.xTaskCheckForTimeOut
                0x080093dc       0xc8 ./Middlewares/Third_Party/FreeRTOS/Source/tasks.o
                0x080093dc                xTaskCheckForTimeOut
 .text.vTaskMissedYield
                0x080094a4       0x18 ./Middlewares/Third_Party/FreeRTOS/Source/tasks.o
                0x080094a4                vTaskMissedYield
 .text.prvIdleTask
                0x080094bc       0x80 ./Middlewares/Third_Party/FreeRTOS/Source/tasks.o
 .text.prvInitialiseTaskLists
                0x0800953c       0x80 ./Middlewares/Third_Party/FreeRTOS/Source/tasks.o
 .text.prvCheckTasksWaitingTermination
                0x080095bc       0x5c ./Middlewares/Third_Party/FreeRTOS/Source/tasks.o
 .text.prvDeleteTCB
                0x08009618       0x60 ./Middlewares/Third_Party/FreeRTOS/Source/tasks.o
 .text.prvResetNextTaskUnblockTime
                0x08009678       0x40 ./Middlewares/Third_Party/FreeRTOS/Source/tasks.o
 .text.xTaskGetSchedulerState
                0x080096b8       0x3c ./Middlewares/Third_Party/FreeRTOS/Source/tasks.o
                0x080096b8                xTaskGetSchedulerState
 .text.xTaskPriorityDisinherit
                0x080096f4       0xe0 ./Middlewares/Third_Party/FreeRTOS/Source/tasks.o
                0x080096f4                xTaskPriorityDisinherit
 .text.prvAddCurrentTaskToDelayedList
                0x080097d4       0xa8 ./Middlewares/Third_Party/FreeRTOS/Source/tasks.o
 .text.xTimerCreateTimerTask
                0x0800987c       0x94 ./Middlewares/Third_Party/FreeRTOS/Source/timers.o
                0x0800987c                xTimerCreateTimerTask
 .text.xTimerGenericCommand
                0x08009910       0x9c ./Middlewares/Third_Party/FreeRTOS/Source/timers.o
                0x08009910                xTimerGenericCommand
 .text.prvProcessExpiredTimer
                0x080099ac       0x9c ./Middlewares/Third_Party/FreeRTOS/Source/timers.o
 .text.prvTimerTask
                0x08009a48       0x26 ./Middlewares/Third_Party/FreeRTOS/Source/timers.o
 *fill*         0x08009a6e        0x2 
 .text.prvProcessTimerOrBlockTask
                0x08009a70       0x9c ./Middlewares/Third_Party/FreeRTOS/Source/timers.o
 .text.prvGetNextExpireTime
                0x08009b0c       0x48 ./Middlewares/Third_Party/FreeRTOS/Source/timers.o
 .text.prvSampleTimeNow
                0x08009b54       0x40 ./Middlewares/Third_Party/FreeRTOS/Source/timers.o
 .text.prvInsertTimerInActiveList
                0x08009b94       0x84 ./Middlewares/Third_Party/FreeRTOS/Source/timers.o
 .text.prvProcessReceivedCommands
                0x08009c18      0x1cc ./Middlewares/Third_Party/FreeRTOS/Source/timers.o
 .text.prvSwitchTimerLists
                0x08009de4       0xcc ./Middlewares/Third_Party/FreeRTOS/Source/timers.o
 .text.prvCheckForValidListAndQueue
                0x08009eb0       0x80 ./Middlewares/Third_Party/FreeRTOS/Source/timers.o
 .text.pxPortInitialiseStack
                0x08009f30       0x68 ./Middlewares/Third_Party/FreeRTOS/Source/portable/GCC/ARM_CM4F/port.o
                0x08009f30                pxPortInitialiseStack
 .text.prvTaskExitError
                0x08009f98       0x5c ./Middlewares/Third_Party/FreeRTOS/Source/portable/GCC/ARM_CM4F/port.o
 *fill*         0x08009ff4        0xc 
 .text.SVC_Handler
                0x0800a000       0x28 ./Middlewares/Third_Party/FreeRTOS/Source/portable/GCC/ARM_CM4F/port.o
                0x0800a000                SVC_Handler
 .text.prvPortStartFirstTask
                0x0800a028       0x28 ./Middlewares/Third_Party/FreeRTOS/Source/portable/GCC/ARM_CM4F/port.o
 .text.xPortStartScheduler
                0x0800a050      0x148 ./Middlewares/Third_Party/FreeRTOS/Source/portable/GCC/ARM_CM4F/port.o
                0x0800a050                xPortStartScheduler
 .text.vPortEnterCritical
                0x0800a198       0x64 ./Middlewares/Third_Party/FreeRTOS/Source/portable/GCC/ARM_CM4F/port.o
                0x0800a198                vPortEnterCritical
 .text.vPortExitCritical
                0x0800a1fc       0x54 ./Middlewares/Third_Party/FreeRTOS/Source/portable/GCC/ARM_CM4F/port.o
                0x0800a1fc                vPortExitCritical
 .text.PendSV_Handler
                0x0800a250       0x68 ./Middlewares/Third_Party/FreeRTOS/Source/portable/GCC/ARM_CM4F/port.o
                0x0800a250                PendSV_Handler
 .text.xPortSysTickHandler
                0x0800a2b8       0x44 ./Middlewares/Third_Party/FreeRTOS/Source/portable/GCC/ARM_CM4F/port.o
                0x0800a2b8                xPortSysTickHandler
 .text.vPortSetupTimerInterrupt
                0x0800a2fc       0x48 ./Middlewares/Third_Party/FreeRTOS/Source/portable/GCC/ARM_CM4F/port.o
                0x0800a2fc                vPortSetupTimerInterrupt
 .text.vPortEnableVFP
                0x0800a344       0x14 ./Middlewares/Third_Party/FreeRTOS/Source/portable/GCC/ARM_CM4F/port.o
 .text.vPortValidateInterruptPriority
                0x0800a358       0x84 ./Middlewares/Third_Party/FreeRTOS/Source/portable/GCC/ARM_CM4F/port.o
                0x0800a358                vPortValidateInterruptPriority
 .text.pvPortMalloc
                0x0800a3dc      0x19c ./Middlewares/Third_Party/FreeRTOS/Source/portable/MemMang/heap_4.o
                0x0800a3dc                pvPortMalloc
 .text.vPortFree
                0x0800a578       0xc8 ./Middlewares/Third_Party/FreeRTOS/Source/portable/MemMang/heap_4.o
                0x0800a578                vPortFree
 .text.prvHeapInit
                0x0800a640       0xc4 ./Middlewares/Third_Party/FreeRTOS/Source/portable/MemMang/heap_4.o
 .text.prvInsertBlockIntoFreeList
                0x0800a704       0xb4 ./Middlewares/Third_Party/FreeRTOS/Source/portable/MemMang/heap_4.o
 .text.atoi     0x0800a7b8        0x8 D:/Tools/STM32IDE/STM32CubeIDE_1.17.0/STM32CubeIDE/plugins/com.st.stm32cube.ide.mcu.externaltools.gnu-tools-for-stm32.13.3.rel1.win32_1.0.0.202411081344/tools/bin/../lib/gcc/arm-none-eabi/13.3.1/../../../../arm-none-eabi/lib/thumb/v7e-m+fp/hard\libc_nano.a(libc_a-atoi.o)
                0x0800a7b8                atoi
 .text._strtol_l.isra.0
                0x0800a7c0       0xf4 D:/Tools/STM32IDE/STM32CubeIDE_1.17.0/STM32CubeIDE/plugins/com.st.stm32cube.ide.mcu.externaltools.gnu-tools-for-stm32.13.3.rel1.win32_1.0.0.202411081344/tools/bin/../lib/gcc/arm-none-eabi/13.3.1/../../../../arm-none-eabi/lib/thumb/v7e-m+fp/hard\libc_nano.a(libc_a-strtol.o)
 .text.strtol   0x0800a8b4       0x14 D:/Tools/STM32IDE/STM32CubeIDE_1.17.0/STM32CubeIDE/plugins/com.st.stm32cube.ide.mcu.externaltools.gnu-tools-for-stm32.13.3.rel1.win32_1.0.0.202411081344/tools/bin/../lib/gcc/arm-none-eabi/13.3.1/../../../../arm-none-eabi/lib/thumb/v7e-m+fp/hard\libc_nano.a(libc_a-strtol.o)
                0x0800a8b4                strtol
 .text.__cvt    0x0800a8c8       0xca D:/Tools/STM32IDE/STM32CubeIDE_1.17.0/STM32CubeIDE/plugins/com.st.stm32cube.ide.mcu.externaltools.gnu-tools-for-stm32.13.3.rel1.win32_1.0.0.202411081344/tools/bin/../lib/gcc/arm-none-eabi/13.3.1/../../../../arm-none-eabi/lib/thumb/v7e-m+fp/hard\libc_nano.a(libc_a-nano-vfprintf_float.o)
                0x0800a8c8                __cvt
 .text.__exponent
                0x0800a992       0x74 D:/Tools/STM32IDE/STM32CubeIDE_1.17.0/STM32CubeIDE/plugins/com.st.stm32cube.ide.mcu.externaltools.gnu-tools-for-stm32.13.3.rel1.win32_1.0.0.202411081344/tools/bin/../lib/gcc/arm-none-eabi/13.3.1/../../../../arm-none-eabi/lib/thumb/v7e-m+fp/hard\libc_nano.a(libc_a-nano-vfprintf_float.o)
                0x0800a992                __exponent
 *fill*         0x0800aa06        0x2 
 .text._printf_float
                0x0800aa08      0x454 D:/Tools/STM32IDE/STM32CubeIDE_1.17.0/STM32CubeIDE/plugins/com.st.stm32cube.ide.mcu.externaltools.gnu-tools-for-stm32.13.3.rel1.win32_1.0.0.202411081344/tools/bin/../lib/gcc/arm-none-eabi/13.3.1/../../../../arm-none-eabi/lib/thumb/v7e-m+fp/hard\libc_nano.a(libc_a-nano-vfprintf_float.o)
                0x0800aa08                _printf_float
 .text._printf_common
                0x0800ae5c       0xda D:/Tools/STM32IDE/STM32CubeIDE_1.17.0/STM32CubeIDE/plugins/com.st.stm32cube.ide.mcu.externaltools.gnu-tools-for-stm32.13.3.rel1.win32_1.0.0.202411081344/tools/bin/../lib/gcc/arm-none-eabi/13.3.1/../../../../arm-none-eabi/lib/thumb/v7e-m+fp/hard\libc_nano.a(libc_a-nano-vfprintf_i.o)
                0x0800ae5c                _printf_common
 *fill*         0x0800af36        0x2 
 .text._printf_i
                0x0800af38      0x23c D:/Tools/STM32IDE/STM32CubeIDE_1.17.0/STM32CubeIDE/plugins/com.st.stm32cube.ide.mcu.externaltools.gnu-tools-for-stm32.13.3.rel1.win32_1.0.0.202411081344/tools/bin/../lib/gcc/arm-none-eabi/13.3.1/../../../../arm-none-eabi/lib/thumb/v7e-m+fp/hard\libc_nano.a(libc_a-nano-vfprintf_i.o)
                0x0800af38                _printf_i
 .text.std      0x0800b174       0x6c D:/Tools/STM32IDE/STM32CubeIDE_1.17.0/STM32CubeIDE/plugins/com.st.stm32cube.ide.mcu.externaltools.gnu-tools-for-stm32.13.3.rel1.win32_1.0.0.202411081344/tools/bin/../lib/gcc/arm-none-eabi/13.3.1/../../../../arm-none-eabi/lib/thumb/v7e-m+fp/hard\libc_nano.a(libc_a-findfp.o)
 .text.stdio_exit_handler
                0x0800b1e0       0x18 D:/Tools/STM32IDE/STM32CubeIDE_1.17.0/STM32CubeIDE/plugins/com.st.stm32cube.ide.mcu.externaltools.gnu-tools-for-stm32.13.3.rel1.win32_1.0.0.202411081344/tools/bin/../lib/gcc/arm-none-eabi/13.3.1/../../../../arm-none-eabi/lib/thumb/v7e-m+fp/hard\libc_nano.a(libc_a-findfp.o)
 .text.cleanup_stdio
                0x0800b1f8       0x40 D:/Tools/STM32IDE/STM32CubeIDE_1.17.0/STM32CubeIDE/plugins/com.st.stm32cube.ide.mcu.externaltools.gnu-tools-for-stm32.13.3.rel1.win32_1.0.0.202411081344/tools/bin/../lib/gcc/arm-none-eabi/13.3.1/../../../../arm-none-eabi/lib/thumb/v7e-m+fp/hard\libc_nano.a(libc_a-findfp.o)
 .text.global_stdio_init.part.0
                0x0800b238       0x3c D:/Tools/STM32IDE/STM32CubeIDE_1.17.0/STM32CubeIDE/plugins/com.st.stm32cube.ide.mcu.externaltools.gnu-tools-for-stm32.13.3.rel1.win32_1.0.0.202411081344/tools/bin/../lib/gcc/arm-none-eabi/13.3.1/../../../../arm-none-eabi/lib/thumb/v7e-m+fp/hard\libc_nano.a(libc_a-findfp.o)
 .text.__sfp_lock_acquire
                0x0800b274        0xc D:/Tools/STM32IDE/STM32CubeIDE_1.17.0/STM32CubeIDE/plugins/com.st.stm32cube.ide.mcu.externaltools.gnu-tools-for-stm32.13.3.rel1.win32_1.0.0.202411081344/tools/bin/../lib/gcc/arm-none-eabi/13.3.1/../../../../arm-none-eabi/lib/thumb/v7e-m+fp/hard\libc_nano.a(libc_a-findfp.o)
                0x0800b274                __sfp_lock_acquire
 .text.__sfp_lock_release
                0x0800b280        0xc D:/Tools/STM32IDE/STM32CubeIDE_1.17.0/STM32CubeIDE/plugins/com.st.stm32cube.ide.mcu.externaltools.gnu-tools-for-stm32.13.3.rel1.win32_1.0.0.202411081344/tools/bin/../lib/gcc/arm-none-eabi/13.3.1/../../../../arm-none-eabi/lib/thumb/v7e-m+fp/hard\libc_nano.a(libc_a-findfp.o)
                0x0800b280                __sfp_lock_release
 .text.__sinit  0x0800b28c       0x30 D:/Tools/STM32IDE/STM32CubeIDE_1.17.0/STM32CubeIDE/plugins/com.st.stm32cube.ide.mcu.externaltools.gnu-tools-for-stm32.13.3.rel1.win32_1.0.0.202411081344/tools/bin/../lib/gcc/arm-none-eabi/13.3.1/../../../../arm-none-eabi/lib/thumb/v7e-m+fp/hard\libc_nano.a(libc_a-findfp.o)
                0x0800b28c                __sinit
 .text._fwalk_sglue
                0x0800b2bc       0x3c D:/Tools/STM32IDE/STM32CubeIDE_1.17.0/STM32CubeIDE/plugins/com.st.stm32cube.ide.mcu.externaltools.gnu-tools-for-stm32.13.3.rel1.win32_1.0.0.202411081344/tools/bin/../lib/gcc/arm-none-eabi/13.3.1/../../../../arm-none-eabi/lib/thumb/v7e-m+fp/hard\libc_nano.a(libc_a-fwalk.o)
                0x0800b2bc                _fwalk_sglue
 .text.snprintf
                0x0800b2f8       0x6c D:/Tools/STM32IDE/STM32CubeIDE_1.17.0/STM32CubeIDE/plugins/com.st.stm32cube.ide.mcu.externaltools.gnu-tools-for-stm32.13.3.rel1.win32_1.0.0.202411081344/tools/bin/../lib/gcc/arm-none-eabi/13.3.1/../../../../arm-none-eabi/lib/thumb/v7e-m+fp/hard\libc_nano.a(libc_a-snprintf.o)
                0x0800b2f8                sniprintf
                0x0800b2f8                snprintf
 .text.__sread  0x0800b364       0x22 D:/Tools/STM32IDE/STM32CubeIDE_1.17.0/STM32CubeIDE/plugins/com.st.stm32cube.ide.mcu.externaltools.gnu-tools-for-stm32.13.3.rel1.win32_1.0.0.202411081344/tools/bin/../lib/gcc/arm-none-eabi/13.3.1/../../../../arm-none-eabi/lib/thumb/v7e-m+fp/hard\libc_nano.a(libc_a-stdio.o)
                0x0800b364                __sread
 .text.__swrite
                0x0800b386       0x38 D:/Tools/STM32IDE/STM32CubeIDE_1.17.0/STM32CubeIDE/plugins/com.st.stm32cube.ide.mcu.externaltools.gnu-tools-for-stm32.13.3.rel1.win32_1.0.0.202411081344/tools/bin/../lib/gcc/arm-none-eabi/13.3.1/../../../../arm-none-eabi/lib/thumb/v7e-m+fp/hard\libc_nano.a(libc_a-stdio.o)
                0x0800b386                __swrite
 .text.__sseek  0x0800b3be       0x24 D:/Tools/STM32IDE/STM32CubeIDE_1.17.0/STM32CubeIDE/plugins/com.st.stm32cube.ide.mcu.externaltools.gnu-tools-for-stm32.13.3.rel1.win32_1.0.0.202411081344/tools/bin/../lib/gcc/arm-none-eabi/13.3.1/../../../../arm-none-eabi/lib/thumb/v7e-m+fp/hard\libc_nano.a(libc_a-stdio.o)
                0x0800b3be                __sseek
 .text.__sclose
                0x0800b3e2        0x8 D:/Tools/STM32IDE/STM32CubeIDE_1.17.0/STM32CubeIDE/plugins/com.st.stm32cube.ide.mcu.externaltools.gnu-tools-for-stm32.13.3.rel1.win32_1.0.0.202411081344/tools/bin/../lib/gcc/arm-none-eabi/13.3.1/../../../../arm-none-eabi/lib/thumb/v7e-m+fp/hard\libc_nano.a(libc_a-stdio.o)
                0x0800b3e2                __sclose
 .text.memset   0x0800b3ea       0x10 D:/Tools/STM32IDE/STM32CubeIDE_1.17.0/STM32CubeIDE/plugins/com.st.stm32cube.ide.mcu.externaltools.gnu-tools-for-stm32.13.3.rel1.win32_1.0.0.202411081344/tools/bin/../lib/gcc/arm-none-eabi/13.3.1/../../../../arm-none-eabi/lib/thumb/v7e-m+fp/hard\libc_nano.a(libc_a-memset.o)
                0x0800b3ea                memset
 *fill*         0x0800b3fa        0x2 
 .text._localeconv_r
                0x0800b3fc        0x8 D:/Tools/STM32IDE/STM32CubeIDE_1.17.0/STM32CubeIDE/plugins/com.st.stm32cube.ide.mcu.externaltools.gnu-tools-for-stm32.13.3.rel1.win32_1.0.0.202411081344/tools/bin/../lib/gcc/arm-none-eabi/13.3.1/../../../../arm-none-eabi/lib/thumb/v7e-m+fp/hard\libc_nano.a(libc_a-localeconv.o)
                0x0800b3fc                _localeconv_r
 .text._close_r
                0x0800b404       0x20 D:/Tools/STM32IDE/STM32CubeIDE_1.17.0/STM32CubeIDE/plugins/com.st.stm32cube.ide.mcu.externaltools.gnu-tools-for-stm32.13.3.rel1.win32_1.0.0.202411081344/tools/bin/../lib/gcc/arm-none-eabi/13.3.1/../../../../arm-none-eabi/lib/thumb/v7e-m+fp/hard\libc_nano.a(libc_a-closer.o)
                0x0800b404                _close_r
 .text._lseek_r
                0x0800b424       0x24 D:/Tools/STM32IDE/STM32CubeIDE_1.17.0/STM32CubeIDE/plugins/com.st.stm32cube.ide.mcu.externaltools.gnu-tools-for-stm32.13.3.rel1.win32_1.0.0.202411081344/tools/bin/../lib/gcc/arm-none-eabi/13.3.1/../../../../arm-none-eabi/lib/thumb/v7e-m+fp/hard\libc_nano.a(libc_a-lseekr.o)
                0x0800b424                _lseek_r
 .text._read_r  0x0800b448       0x24 D:/Tools/STM32IDE/STM32CubeIDE_1.17.0/STM32CubeIDE/plugins/com.st.stm32cube.ide.mcu.externaltools.gnu-tools-for-stm32.13.3.rel1.win32_1.0.0.202411081344/tools/bin/../lib/gcc/arm-none-eabi/13.3.1/../../../../arm-none-eabi/lib/thumb/v7e-m+fp/hard\libc_nano.a(libc_a-readr.o)
                0x0800b448                _read_r
 .text._write_r
                0x0800b46c       0x24 D:/Tools/STM32IDE/STM32CubeIDE_1.17.0/STM32CubeIDE/plugins/com.st.stm32cube.ide.mcu.externaltools.gnu-tools-for-stm32.13.3.rel1.win32_1.0.0.202411081344/tools/bin/../lib/gcc/arm-none-eabi/13.3.1/../../../../arm-none-eabi/lib/thumb/v7e-m+fp/hard\libc_nano.a(libc_a-writer.o)
                0x0800b46c                _write_r
 .text.__errno  0x0800b490        0xc D:/Tools/STM32IDE/STM32CubeIDE_1.17.0/STM32CubeIDE/plugins/com.st.stm32cube.ide.mcu.externaltools.gnu-tools-for-stm32.13.3.rel1.win32_1.0.0.202411081344/tools/bin/../lib/gcc/arm-none-eabi/13.3.1/../../../../arm-none-eabi/lib/thumb/v7e-m+fp/hard\libc_nano.a(libc_a-errno.o)
                0x0800b490                __errno
 .text.__libc_init_array
                0x0800b49c       0x48 D:/Tools/STM32IDE/STM32CubeIDE_1.17.0/STM32CubeIDE/plugins/com.st.stm32cube.ide.mcu.externaltools.gnu-tools-for-stm32.13.3.rel1.win32_1.0.0.202411081344/tools/bin/../lib/gcc/arm-none-eabi/13.3.1/../../../../arm-none-eabi/lib/thumb/v7e-m+fp/hard\libc_nano.a(libc_a-init.o)
                0x0800b49c                __libc_init_array
 .text.__retarget_lock_init_recursive
                0x0800b4e4        0x2 D:/Tools/STM32IDE/STM32CubeIDE_1.17.0/STM32CubeIDE/plugins/com.st.stm32cube.ide.mcu.externaltools.gnu-tools-for-stm32.13.3.rel1.win32_1.0.0.202411081344/tools/bin/../lib/gcc/arm-none-eabi/13.3.1/../../../../arm-none-eabi/lib/thumb/v7e-m+fp/hard\libc_nano.a(libc_a-lock.o)
                0x0800b4e4                __retarget_lock_init_recursive
 .text.__retarget_lock_acquire_recursive
                0x0800b4e6        0x2 D:/Tools/STM32IDE/STM32CubeIDE_1.17.0/STM32CubeIDE/plugins/com.st.stm32cube.ide.mcu.externaltools.gnu-tools-for-stm32.13.3.rel1.win32_1.0.0.202411081344/tools/bin/../lib/gcc/arm-none-eabi/13.3.1/../../../../arm-none-eabi/lib/thumb/v7e-m+fp/hard\libc_nano.a(libc_a-lock.o)
                0x0800b4e6                __retarget_lock_acquire_recursive
 .text.__retarget_lock_release_recursive
                0x0800b4e8        0x2 D:/Tools/STM32IDE/STM32CubeIDE_1.17.0/STM32CubeIDE/plugins/com.st.stm32cube.ide.mcu.externaltools.gnu-tools-for-stm32.13.3.rel1.win32_1.0.0.202411081344/tools/bin/../lib/gcc/arm-none-eabi/13.3.1/../../../../arm-none-eabi/lib/thumb/v7e-m+fp/hard\libc_nano.a(libc_a-lock.o)
                0x0800b4e8                __retarget_lock_release_recursive
 .text.memcpy   0x0800b4ea       0x1c D:/Tools/STM32IDE/STM32CubeIDE_1.17.0/STM32CubeIDE/plugins/com.st.stm32cube.ide.mcu.externaltools.gnu-tools-for-stm32.13.3.rel1.win32_1.0.0.202411081344/tools/bin/../lib/gcc/arm-none-eabi/13.3.1/../../../../arm-none-eabi/lib/thumb/v7e-m+fp/hard\libc_nano.a(libc_a-memcpy-stub.o)
                0x0800b4ea                memcpy
 .text.quorem   0x0800b506      0x110 D:/Tools/STM32IDE/STM32CubeIDE_1.17.0/STM32CubeIDE/plugins/com.st.stm32cube.ide.mcu.externaltools.gnu-tools-for-stm32.13.3.rel1.win32_1.0.0.202411081344/tools/bin/../lib/gcc/arm-none-eabi/13.3.1/../../../../arm-none-eabi/lib/thumb/v7e-m+fp/hard\libc_nano.a(libc_a-dtoa.o)
 *fill*         0x0800b616        0x2 
 .text._dtoa_r  0x0800b618      0xba0 D:/Tools/STM32IDE/STM32CubeIDE_1.17.0/STM32CubeIDE/plugins/com.st.stm32cube.ide.mcu.externaltools.gnu-tools-for-stm32.13.3.rel1.win32_1.0.0.202411081344/tools/bin/../lib/gcc/arm-none-eabi/13.3.1/../../../../arm-none-eabi/lib/thumb/v7e-m+fp/hard\libc_nano.a(libc_a-dtoa.o)
                0x0800b618                _dtoa_r
 .text._free_r  0x0800c1b8       0x94 D:/Tools/STM32IDE/STM32CubeIDE_1.17.0/STM32CubeIDE/plugins/com.st.stm32cube.ide.mcu.externaltools.gnu-tools-for-stm32.13.3.rel1.win32_1.0.0.202411081344/tools/bin/../lib/gcc/arm-none-eabi/13.3.1/../../../../arm-none-eabi/lib/thumb/v7e-m+fp/hard\libc_nano.a(libc_a-freer.o)
                0x0800c1b8                _free_r
 .text.malloc   0x0800c24c       0x10 D:/Tools/STM32IDE/STM32CubeIDE_1.17.0/STM32CubeIDE/plugins/com.st.stm32cube.ide.mcu.externaltools.gnu-tools-for-stm32.13.3.rel1.win32_1.0.0.202411081344/tools/bin/../lib/gcc/arm-none-eabi/13.3.1/../../../../arm-none-eabi/lib/thumb/v7e-m+fp/hard\libc_nano.a(libc_a-malloc.o)
                0x0800c24c                malloc
 .text.sbrk_aligned
                0x0800c25c       0x44 D:/Tools/STM32IDE/STM32CubeIDE_1.17.0/STM32CubeIDE/plugins/com.st.stm32cube.ide.mcu.externaltools.gnu-tools-for-stm32.13.3.rel1.win32_1.0.0.202411081344/tools/bin/../lib/gcc/arm-none-eabi/13.3.1/../../../../arm-none-eabi/lib/thumb/v7e-m+fp/hard\libc_nano.a(libc_a-mallocr.o)
 .text._malloc_r
                0x0800c2a0      0x100 D:/Tools/STM32IDE/STM32CubeIDE_1.17.0/STM32CubeIDE/plugins/com.st.stm32cube.ide.mcu.externaltools.gnu-tools-for-stm32.13.3.rel1.win32_1.0.0.202411081344/tools/bin/../lib/gcc/arm-none-eabi/13.3.1/../../../../arm-none-eabi/lib/thumb/v7e-m+fp/hard\libc_nano.a(libc_a-mallocr.o)
                0x0800c2a0                _malloc_r
 .text.__malloc_lock
                0x0800c3a0        0xc D:/Tools/STM32IDE/STM32CubeIDE_1.17.0/STM32CubeIDE/plugins/com.st.stm32cube.ide.mcu.externaltools.gnu-tools-for-stm32.13.3.rel1.win32_1.0.0.202411081344/tools/bin/../lib/gcc/arm-none-eabi/13.3.1/../../../../arm-none-eabi/lib/thumb/v7e-m+fp/hard\libc_nano.a(libc_a-mlock.o)
                0x0800c3a0                __malloc_lock
 .text.__malloc_unlock
                0x0800c3ac        0xc D:/Tools/STM32IDE/STM32CubeIDE_1.17.0/STM32CubeIDE/plugins/com.st.stm32cube.ide.mcu.externaltools.gnu-tools-for-stm32.13.3.rel1.win32_1.0.0.202411081344/tools/bin/../lib/gcc/arm-none-eabi/13.3.1/../../../../arm-none-eabi/lib/thumb/v7e-m+fp/hard\libc_nano.a(libc_a-mlock.o)
                0x0800c3ac                __malloc_unlock
 .text._Balloc  0x0800c3b8       0x80 D:/Tools/STM32IDE/STM32CubeIDE_1.17.0/STM32CubeIDE/plugins/com.st.stm32cube.ide.mcu.externaltools.gnu-tools-for-stm32.13.3.rel1.win32_1.0.0.202411081344/tools/bin/../lib/gcc/arm-none-eabi/13.3.1/../../../../arm-none-eabi/lib/thumb/v7e-m+fp/hard\libc_nano.a(libc_a-mprec.o)
                0x0800c3b8                _Balloc
 .text._Bfree   0x0800c438       0x44 D:/Tools/STM32IDE/STM32CubeIDE_1.17.0/STM32CubeIDE/plugins/com.st.stm32cube.ide.mcu.externaltools.gnu-tools-for-stm32.13.3.rel1.win32_1.0.0.202411081344/tools/bin/../lib/gcc/arm-none-eabi/13.3.1/../../../../arm-none-eabi/lib/thumb/v7e-m+fp/hard\libc_nano.a(libc_a-mprec.o)
                0x0800c438                _Bfree
 .text.__multadd
                0x0800c47c       0x8c D:/Tools/STM32IDE/STM32CubeIDE_1.17.0/STM32CubeIDE/plugins/com.st.stm32cube.ide.mcu.externaltools.gnu-tools-for-stm32.13.3.rel1.win32_1.0.0.202411081344/tools/bin/../lib/gcc/arm-none-eabi/13.3.1/../../../../arm-none-eabi/lib/thumb/v7e-m+fp/hard\libc_nano.a(libc_a-mprec.o)
                0x0800c47c                __multadd
 .text.__hi0bits
                0x0800c508       0x3e D:/Tools/STM32IDE/STM32CubeIDE_1.17.0/STM32CubeIDE/plugins/com.st.stm32cube.ide.mcu.externaltools.gnu-tools-for-stm32.13.3.rel1.win32_1.0.0.202411081344/tools/bin/../lib/gcc/arm-none-eabi/13.3.1/../../../../arm-none-eabi/lib/thumb/v7e-m+fp/hard\libc_nano.a(libc_a-mprec.o)
                0x0800c508                __hi0bits
 .text.__lo0bits
                0x0800c546       0x5a D:/Tools/STM32IDE/STM32CubeIDE_1.17.0/STM32CubeIDE/plugins/com.st.stm32cube.ide.mcu.externaltools.gnu-tools-for-stm32.13.3.rel1.win32_1.0.0.202411081344/tools/bin/../lib/gcc/arm-none-eabi/13.3.1/../../../../arm-none-eabi/lib/thumb/v7e-m+fp/hard\libc_nano.a(libc_a-mprec.o)
                0x0800c546                __lo0bits
 .text.__i2b    0x0800c5a0       0x2c D:/Tools/STM32IDE/STM32CubeIDE_1.17.0/STM32CubeIDE/plugins/com.st.stm32cube.ide.mcu.externaltools.gnu-tools-for-stm32.13.3.rel1.win32_1.0.0.202411081344/tools/bin/../lib/gcc/arm-none-eabi/13.3.1/../../../../arm-none-eabi/lib/thumb/v7e-m+fp/hard\libc_nano.a(libc_a-mprec.o)
                0x0800c5a0                __i2b
 .text.__multiply
                0x0800c5cc      0x144 D:/Tools/STM32IDE/STM32CubeIDE_1.17.0/STM32CubeIDE/plugins/com.st.stm32cube.ide.mcu.externaltools.gnu-tools-for-stm32.13.3.rel1.win32_1.0.0.202411081344/tools/bin/../lib/gcc/arm-none-eabi/13.3.1/../../../../arm-none-eabi/lib/thumb/v7e-m+fp/hard\libc_nano.a(libc_a-mprec.o)
                0x0800c5cc                __multiply
 .text.__pow5mult
                0x0800c710       0xb4 D:/Tools/STM32IDE/STM32CubeIDE_1.17.0/STM32CubeIDE/plugins/com.st.stm32cube.ide.mcu.externaltools.gnu-tools-for-stm32.13.3.rel1.win32_1.0.0.202411081344/tools/bin/../lib/gcc/arm-none-eabi/13.3.1/../../../../arm-none-eabi/lib/thumb/v7e-m+fp/hard\libc_nano.a(libc_a-mprec.o)
                0x0800c710                __pow5mult
 .text.__lshift
                0x0800c7c4       0xd8 D:/Tools/STM32IDE/STM32CubeIDE_1.17.0/STM32CubeIDE/plugins/com.st.stm32cube.ide.mcu.externaltools.gnu-tools-for-stm32.13.3.rel1.win32_1.0.0.202411081344/tools/bin/../lib/gcc/arm-none-eabi/13.3.1/../../../../arm-none-eabi/lib/thumb/v7e-m+fp/hard\libc_nano.a(libc_a-mprec.o)
                0x0800c7c4                __lshift
 .text.__mcmp   0x0800c89c       0x36 D:/Tools/STM32IDE/STM32CubeIDE_1.17.0/STM32CubeIDE/plugins/com.st.stm32cube.ide.mcu.externaltools.gnu-tools-for-stm32.13.3.rel1.win32_1.0.0.202411081344/tools/bin/../lib/gcc/arm-none-eabi/13.3.1/../../../../arm-none-eabi/lib/thumb/v7e-m+fp/hard\libc_nano.a(libc_a-mprec.o)
                0x0800c89c                __mcmp
 *fill*         0x0800c8d2        0x2 
 .text.__mdiff  0x0800c8d4      0x128 D:/Tools/STM32IDE/STM32CubeIDE_1.17.0/STM32CubeIDE/plugins/com.st.stm32cube.ide.mcu.externaltools.gnu-tools-for-stm32.13.3.rel1.win32_1.0.0.202411081344/tools/bin/../lib/gcc/arm-none-eabi/13.3.1/../../../../arm-none-eabi/lib/thumb/v7e-m+fp/hard\libc_nano.a(libc_a-mprec.o)
                0x0800c8d4                __mdiff
 .text.__d2b    0x0800c9fc       0xb0 D:/Tools/STM32IDE/STM32CubeIDE_1.17.0/STM32CubeIDE/plugins/com.st.stm32cube.ide.mcu.externaltools.gnu-tools-for-stm32.13.3.rel1.win32_1.0.0.202411081344/tools/bin/../lib/gcc/arm-none-eabi/13.3.1/../../../../arm-none-eabi/lib/thumb/v7e-m+fp/hard\libc_nano.a(libc_a-mprec.o)
                0x0800c9fc                __d2b
 .text.__ssputs_r
                0x0800caac       0xb6 D:/Tools/STM32IDE/STM32CubeIDE_1.17.0/STM32CubeIDE/plugins/com.st.stm32cube.ide.mcu.externaltools.gnu-tools-for-stm32.13.3.rel1.win32_1.0.0.202411081344/tools/bin/../lib/gcc/arm-none-eabi/13.3.1/../../../../arm-none-eabi/lib/thumb/v7e-m+fp/hard\libc_nano.a(libc_a-nano-svfprintf.o)
                0x0800caac                __ssputs_r
 *fill*         0x0800cb62        0x2 
 .text._svfprintf_r
                0x0800cb64      0x1f8 D:/Tools/STM32IDE/STM32CubeIDE_1.17.0/STM32CubeIDE/plugins/com.st.stm32cube.ide.mcu.externaltools.gnu-tools-for-stm32.13.3.rel1.win32_1.0.0.202411081344/tools/bin/../lib/gcc/arm-none-eabi/13.3.1/../../../../arm-none-eabi/lib/thumb/v7e-m+fp/hard\libc_nano.a(libc_a-nano-svfprintf.o)
                0x0800cb64                _svfiprintf_r
                0x0800cb64                _svfprintf_r
 .text.__sflush_r
                0x0800cd5c      0x108 D:/Tools/STM32IDE/STM32CubeIDE_1.17.0/STM32CubeIDE/plugins/com.st.stm32cube.ide.mcu.externaltools.gnu-tools-for-stm32.13.3.rel1.win32_1.0.0.202411081344/tools/bin/../lib/gcc/arm-none-eabi/13.3.1/../../../../arm-none-eabi/lib/thumb/v7e-m+fp/hard\libc_nano.a(libc_a-fflush.o)
                0x0800cd5c                __sflush_r
 .text._fflush_r
                0x0800ce64       0x50 D:/Tools/STM32IDE/STM32CubeIDE_1.17.0/STM32CubeIDE/plugins/com.st.stm32cube.ide.mcu.externaltools.gnu-tools-for-stm32.13.3.rel1.win32_1.0.0.202411081344/tools/bin/../lib/gcc/arm-none-eabi/13.3.1/../../../../arm-none-eabi/lib/thumb/v7e-m+fp/hard\libc_nano.a(libc_a-fflush.o)
                0x0800ce64                _fflush_r
 .text.memmove  0x0800ceb4       0x34 D:/Tools/STM32IDE/STM32CubeIDE_1.17.0/STM32CubeIDE/plugins/com.st.stm32cube.ide.mcu.externaltools.gnu-tools-for-stm32.13.3.rel1.win32_1.0.0.202411081344/tools/bin/../lib/gcc/arm-none-eabi/13.3.1/../../../../arm-none-eabi/lib/thumb/v7e-m+fp/hard\libc_nano.a(libc_a-memmove.o)
                0x0800ceb4                memmove
 .text._sbrk_r  0x0800cee8       0x20 D:/Tools/STM32IDE/STM32CubeIDE_1.17.0/STM32CubeIDE/plugins/com.st.stm32cube.ide.mcu.externaltools.gnu-tools-for-stm32.13.3.rel1.win32_1.0.0.202411081344/tools/bin/../lib/gcc/arm-none-eabi/13.3.1/../../../../arm-none-eabi/lib/thumb/v7e-m+fp/hard\libc_nano.a(libc_a-sbrkr.o)
                0x0800cee8                _sbrk_r
 .text.__assert_func
                0x0800cf08       0x3c D:/Tools/STM32IDE/STM32CubeIDE_1.17.0/STM32CubeIDE/plugins/com.st.stm32cube.ide.mcu.externaltools.gnu-tools-for-stm32.13.3.rel1.win32_1.0.0.202411081344/tools/bin/../lib/gcc/arm-none-eabi/13.3.1/../../../../arm-none-eabi/lib/thumb/v7e-m+fp/hard\libc_nano.a(libc_a-assert.o)
                0x0800cf08                __assert_func
 .text._calloc_r
                0x0800cf44       0x28 D:/Tools/STM32IDE/STM32CubeIDE_1.17.0/STM32CubeIDE/plugins/com.st.stm32cube.ide.mcu.externaltools.gnu-tools-for-stm32.13.3.rel1.win32_1.0.0.202411081344/tools/bin/../lib/gcc/arm-none-eabi/13.3.1/../../../../arm-none-eabi/lib/thumb/v7e-m+fp/hard\libc_nano.a(libc_a-callocr.o)
                0x0800cf44                _calloc_r
 .text.__ascii_mbtowc
                0x0800cf6c       0x24 D:/Tools/STM32IDE/STM32CubeIDE_1.17.0/STM32CubeIDE/plugins/com.st.stm32cube.ide.mcu.externaltools.gnu-tools-for-stm32.13.3.rel1.win32_1.0.0.202411081344/tools/bin/../lib/gcc/arm-none-eabi/13.3.1/../../../../arm-none-eabi/lib/thumb/v7e-m+fp/hard\libc_nano.a(libc_a-mbtowc_r.o)
                0x0800cf6c                __ascii_mbtowc
 .text._realloc_r
                0x0800cf90       0x5c D:/Tools/STM32IDE/STM32CubeIDE_1.17.0/STM32CubeIDE/plugins/com.st.stm32cube.ide.mcu.externaltools.gnu-tools-for-stm32.13.3.rel1.win32_1.0.0.202411081344/tools/bin/../lib/gcc/arm-none-eabi/13.3.1/../../../../arm-none-eabi/lib/thumb/v7e-m+fp/hard\libc_nano.a(libc_a-reallocr.o)
                0x0800cf90                _realloc_r
 .text.__ascii_wctomb
                0x0800cfec       0x1a D:/Tools/STM32IDE/STM32CubeIDE_1.17.0/STM32CubeIDE/plugins/com.st.stm32cube.ide.mcu.externaltools.gnu-tools-for-stm32.13.3.rel1.win32_1.0.0.202411081344/tools/bin/../lib/gcc/arm-none-eabi/13.3.1/../../../../arm-none-eabi/lib/thumb/v7e-m+fp/hard\libc_nano.a(libc_a-wctomb_r.o)
                0x0800cfec                __ascii_wctomb
 *fill*         0x0800d006        0x2 
 .text.fprintf  0x0800d008       0x24 D:/Tools/STM32IDE/STM32CubeIDE_1.17.0/STM32CubeIDE/plugins/com.st.stm32cube.ide.mcu.externaltools.gnu-tools-for-stm32.13.3.rel1.win32_1.0.0.202411081344/tools/bin/../lib/gcc/arm-none-eabi/13.3.1/../../../../arm-none-eabi/lib/thumb/v7e-m+fp/hard\libc_nano.a(libc_a-fprintf.o)
                0x0800d008                fiprintf
                0x0800d008                fprintf
 .text.abort    0x0800d02c        0xe D:/Tools/STM32IDE/STM32CubeIDE_1.17.0/STM32CubeIDE/plugins/com.st.stm32cube.ide.mcu.externaltools.gnu-tools-for-stm32.13.3.rel1.win32_1.0.0.202411081344/tools/bin/../lib/gcc/arm-none-eabi/13.3.1/../../../../arm-none-eabi/lib/thumb/v7e-m+fp/hard\libc_nano.a(libc_a-abort.o)
                0x0800d02c                abort
 .text._malloc_usable_size_r
                0x0800d03a       0x10 D:/Tools/STM32IDE/STM32CubeIDE_1.17.0/STM32CubeIDE/plugins/com.st.stm32cube.ide.mcu.externaltools.gnu-tools-for-stm32.13.3.rel1.win32_1.0.0.202411081344/tools/bin/../lib/gcc/arm-none-eabi/13.3.1/../../../../arm-none-eabi/lib/thumb/v7e-m+fp/hard\libc_nano.a(libc_a-msizer.o)
                0x0800d03a                _malloc_usable_size_r
 .text.__sfputc_r
                0x0800d04a       0x2e D:/Tools/STM32IDE/STM32CubeIDE_1.17.0/STM32CubeIDE/plugins/com.st.stm32cube.ide.mcu.externaltools.gnu-tools-for-stm32.13.3.rel1.win32_1.0.0.202411081344/tools/bin/../lib/gcc/arm-none-eabi/13.3.1/../../../../arm-none-eabi/lib/thumb/v7e-m+fp/hard\libc_nano.a(libc_a-nano-vfprintf.o)
 .text.__sfputs_r
                0x0800d078       0x24 D:/Tools/STM32IDE/STM32CubeIDE_1.17.0/STM32CubeIDE/plugins/com.st.stm32cube.ide.mcu.externaltools.gnu-tools-for-stm32.13.3.rel1.win32_1.0.0.202411081344/tools/bin/../lib/gcc/arm-none-eabi/13.3.1/../../../../arm-none-eabi/lib/thumb/v7e-m+fp/hard\libc_nano.a(libc_a-nano-vfprintf.o)
                0x0800d078                __sfputs_r
 .text._vfprintf_r
                0x0800d09c      0x230 D:/Tools/STM32IDE/STM32CubeIDE_1.17.0/STM32CubeIDE/plugins/com.st.stm32cube.ide.mcu.externaltools.gnu-tools-for-stm32.13.3.rel1.win32_1.0.0.202411081344/tools/bin/../lib/gcc/arm-none-eabi/13.3.1/../../../../arm-none-eabi/lib/thumb/v7e-m+fp/hard\libc_nano.a(libc_a-nano-vfprintf.o)
                0x0800d09c                _vfprintf_r
                0x0800d09c                _vfiprintf_r
 .text.__swbuf_r
                0x0800d2cc       0x7c D:/Tools/STM32IDE/STM32CubeIDE_1.17.0/STM32CubeIDE/plugins/com.st.stm32cube.ide.mcu.externaltools.gnu-tools-for-stm32.13.3.rel1.win32_1.0.0.202411081344/tools/bin/../lib/gcc/arm-none-eabi/13.3.1/../../../../arm-none-eabi/lib/thumb/v7e-m+fp/hard\libc_nano.a(libc_a-wbuf.o)
                0x0800d2cc                __swbuf_r
 .text.__swsetup_r
                0x0800d348       0xac D:/Tools/STM32IDE/STM32CubeIDE_1.17.0/STM32CubeIDE/plugins/com.st.stm32cube.ide.mcu.externaltools.gnu-tools-for-stm32.13.3.rel1.win32_1.0.0.202411081344/tools/bin/../lib/gcc/arm-none-eabi/13.3.1/../../../../arm-none-eabi/lib/thumb/v7e-m+fp/hard\libc_nano.a(libc_a-wsetup.o)
                0x0800d348                __swsetup_r
 .text._raise_r
                0x0800d3f4       0x50 D:/Tools/STM32IDE/STM32CubeIDE_1.17.0/STM32CubeIDE/plugins/com.st.stm32cube.ide.mcu.externaltools.gnu-tools-for-stm32.13.3.rel1.win32_1.0.0.202411081344/tools/bin/../lib/gcc/arm-none-eabi/13.3.1/../../../../arm-none-eabi/lib/thumb/v7e-m+fp/hard\libc_nano.a(libc_a-signal.o)
                0x0800d3f4                _raise_r
 .text.raise    0x0800d444       0x10 D:/Tools/STM32IDE/STM32CubeIDE_1.17.0/STM32CubeIDE/plugins/com.st.stm32cube.ide.mcu.externaltools.gnu-tools-for-stm32.13.3.rel1.win32_1.0.0.202411081344/tools/bin/../lib/gcc/arm-none-eabi/13.3.1/../../../../arm-none-eabi/lib/thumb/v7e-m+fp/hard\libc_nano.a(libc_a-signal.o)
                0x0800d444                raise
 .text._kill_r  0x0800d454       0x24 D:/Tools/STM32IDE/STM32CubeIDE_1.17.0/STM32CubeIDE/plugins/com.st.stm32cube.ide.mcu.externaltools.gnu-tools-for-stm32.13.3.rel1.win32_1.0.0.202411081344/tools/bin/../lib/gcc/arm-none-eabi/13.3.1/../../../../arm-none-eabi/lib/thumb/v7e-m+fp/hard\libc_nano.a(libc_a-signalr.o)
                0x0800d454                _kill_r
 .text._getpid_r
                0x0800d478        0x4 D:/Tools/STM32IDE/STM32CubeIDE_1.17.0/STM32CubeIDE/plugins/com.st.stm32cube.ide.mcu.externaltools.gnu-tools-for-stm32.13.3.rel1.win32_1.0.0.202411081344/tools/bin/../lib/gcc/arm-none-eabi/13.3.1/../../../../arm-none-eabi/lib/thumb/v7e-m+fp/hard\libc_nano.a(libc_a-signalr.o)
                0x0800d478                _getpid_r
 .text.__swhatbuf_r
                0x0800d47c       0x4c D:/Tools/STM32IDE/STM32CubeIDE_1.17.0/STM32CubeIDE/plugins/com.st.stm32cube.ide.mcu.externaltools.gnu-tools-for-stm32.13.3.rel1.win32_1.0.0.202411081344/tools/bin/../lib/gcc/arm-none-eabi/13.3.1/../../../../arm-none-eabi/lib/thumb/v7e-m+fp/hard\libc_nano.a(libc_a-makebuf.o)
                0x0800d47c                __swhatbuf_r
 .text.__smakebuf_r
                0x0800d4c8       0x78 D:/Tools/STM32IDE/STM32CubeIDE_1.17.0/STM32CubeIDE/plugins/com.st.stm32cube.ide.mcu.externaltools.gnu-tools-for-stm32.13.3.rel1.win32_1.0.0.202411081344/tools/bin/../lib/gcc/arm-none-eabi/13.3.1/../../../../arm-none-eabi/lib/thumb/v7e-m+fp/hard\libc_nano.a(libc_a-makebuf.o)
                0x0800d4c8                __smakebuf_r
 .text._fstat_r
                0x0800d540       0x24 D:/Tools/STM32IDE/STM32CubeIDE_1.17.0/STM32CubeIDE/plugins/com.st.stm32cube.ide.mcu.externaltools.gnu-tools-for-stm32.13.3.rel1.win32_1.0.0.202411081344/tools/bin/../lib/gcc/arm-none-eabi/13.3.1/../../../../arm-none-eabi/lib/thumb/v7e-m+fp/hard\libc_nano.a(libc_a-fstatr.o)
                0x0800d540                _fstat_r
 .text._isatty_r
                0x0800d564       0x20 D:/Tools/STM32IDE/STM32CubeIDE_1.17.0/STM32CubeIDE/plugins/com.st.stm32cube.ide.mcu.externaltools.gnu-tools-for-stm32.13.3.rel1.win32_1.0.0.202411081344/tools/bin/../lib/gcc/arm-none-eabi/13.3.1/../../../../arm-none-eabi/lib/thumb/v7e-m+fp/hard\libc_nano.a(libc_a-isattyr.o)
                0x0800d564                _isatty_r
 *(.glue_7)
 .glue_7        0x0800d584        0x0 linker stubs
 *(.glue_7t)
 .glue_7t       0x0800d584        0x0 linker stubs
 *(.eh_frame)
 .eh_frame      0x0800d584        0x0 D:/Tools/STM32IDE/STM32CubeIDE_1.17.0/STM32CubeIDE/plugins/com.st.stm32cube.ide.mcu.externaltools.gnu-tools-for-stm32.13.3.rel1.win32_1.0.0.202411081344/tools/bin/../lib/gcc/arm-none-eabi/13.3.1/thumb/v7e-m+fp/hard/crtbegin.o
 *(.init)
 .init          0x0800d584        0x4 D:/Tools/STM32IDE/STM32CubeIDE_1.17.0/STM32CubeIDE/plugins/com.st.stm32cube.ide.mcu.externaltools.gnu-tools-for-stm32.13.3.rel1.win32_1.0.0.202411081344/tools/bin/../lib/gcc/arm-none-eabi/13.3.1/thumb/v7e-m+fp/hard/crti.o
                0x0800d584                _init
 .init          0x0800d588        0x8 D:/Tools/STM32IDE/STM32CubeIDE_1.17.0/STM32CubeIDE/plugins/com.st.stm32cube.ide.mcu.externaltools.gnu-tools-for-stm32.13.3.rel1.win32_1.0.0.202411081344/tools/bin/../lib/gcc/arm-none-eabi/13.3.1/thumb/v7e-m+fp/hard/crtn.o
 *(.fini)
 .fini          0x0800d590        0x4 D:/Tools/STM32IDE/STM32CubeIDE_1.17.0/STM32CubeIDE/plugins/com.st.stm32cube.ide.mcu.externaltools.gnu-tools-for-stm32.13.3.rel1.win32_1.0.0.202411081344/tools/bin/../lib/gcc/arm-none-eabi/13.3.1/thumb/v7e-m+fp/hard/crti.o
                0x0800d590                _fini
 .fini          0x0800d594        0x8 D:/Tools/STM32IDE/STM32CubeIDE_1.17.0/STM32CubeIDE/plugins/com.st.stm32cube.ide.mcu.externaltools.gnu-tools-for-stm32.13.3.rel1.win32_1.0.0.202411081344/tools/bin/../lib/gcc/arm-none-eabi/13.3.1/thumb/v7e-m+fp/hard/crtn.o
                0x0800d59c                        . = ALIGN (0x4)
                0x0800d59c                        _etext = .

.vfp11_veneer   0x0800d59c        0x0
 .vfp11_veneer  0x0800d59c        0x0 linker stubs

.v4_bx          0x0800d59c        0x0
 .v4_bx         0x0800d59c        0x0 linker stubs

.iplt           0x0800d59c        0x0
 .iplt          0x0800d59c        0x0 D:/Tools/STM32IDE/STM32CubeIDE_1.17.0/STM32CubeIDE/plugins/com.st.stm32cube.ide.mcu.externaltools.gnu-tools-for-stm32.13.3.rel1.win32_1.0.0.202411081344/tools/bin/../lib/gcc/arm-none-eabi/13.3.1/thumb/v7e-m+fp/hard/crtbegin.o

.rodata         0x0800d5a0     0x1238
                0x0800d5a0                        . = ALIGN (0x4)
 *(.rodata)
 .rodata        0x0800d5a0      0x29a ./Core/Src/main.o
 *fill*         0x0800d83a        0x2 
 .rodata        0x0800d83c       0xaa ./Core/Src/touch.o
 *fill*         0x0800d8e6        0x2 
 .rodata        0x0800d8e8        0x5 ./Middlewares/Third_Party/FreeRTOS/Source/tasks.o
 *fill*         0x0800d8ed        0x3 
 .rodata        0x0800d8f0        0xd ./Middlewares/Third_Party/FreeRTOS/Source/timers.o
 *(.rodata*)
 *fill*         0x0800d8fd        0x3 
 .rodata.c_chFont1206
                0x0800d900      0x474 ./Core/Src/LCD_lib.o
                0x0800d900                c_chFont1206
 .rodata.c_chFont1608
                0x0800dd74      0x5f0 ./Core/Src/LCD_lib.o
                0x0800dd74                c_chFont1608
 .rodata.Task01_Display_attributes
                0x0800e364       0x24 ./Core/Src/main.o
                0x0800e364                Task01_Display_attributes
 .rodata.Task02_Touch_attributes
                0x0800e388       0x24 ./Core/Src/main.o
                0x0800e388                Task02_Touch_attributes
 .rodata.Task_LED_attributes
                0x0800e3ac       0x24 ./Core/Src/main.o
                0x0800e3ac                Task_LED_attributes
 .rodata.Task_CAN_attributes
                0x0800e3d0       0x24 ./Core/Src/main.o
                0x0800e3d0                Task_CAN_attributes
 .rodata.Task_DispCAN_attributes
                0x0800e3f4       0x24 ./Core/Src/main.o
                0x0800e3f4                Task_DispCAN_attributes
 .rodata.Task_DAC_attributes
                0x0800e418       0x24 ./Core/Src/main.o
                0x0800e418                Task_DAC_attributes
 .rodata.melody.0
                0x0800e43c       0x10 ./Core/Src/main.o
 .rodata.AHBPrescTable
                0x0800e44c       0x10 ./Core/Src/system_stm32f4xx.o
                0x0800e44c                AHBPrescTable
 .rodata.APBPrescTable
                0x0800e45c        0x8 ./Core/Src/system_stm32f4xx.o
                0x0800e45c                APBPrescTable
 .rodata._ctype_
                0x0800e464      0x101 D:/Tools/STM32IDE/STM32CubeIDE_1.17.0/STM32CubeIDE/plugins/com.st.stm32cube.ide.mcu.externaltools.gnu-tools-for-stm32.13.3.rel1.win32_1.0.0.202411081344/tools/bin/../lib/gcc/arm-none-eabi/13.3.1/../../../../arm-none-eabi/lib/thumb/v7e-m+fp/hard\libc_nano.a(libc_a-ctype_.o)
                0x0800e464                _ctype_
 .rodata._printf_float.str1.1
                0x0800e565      0x171 D:/Tools/STM32IDE/STM32CubeIDE_1.17.0/STM32CubeIDE/plugins/com.st.stm32cube.ide.mcu.externaltools.gnu-tools-for-stm32.13.3.rel1.win32_1.0.0.202411081344/tools/bin/../lib/gcc/arm-none-eabi/13.3.1/../../../../arm-none-eabi/lib/thumb/v7e-m+fp/hard\libc_nano.a(libc_a-nano-vfprintf_float.o)
                                 0x12 (size before relaxing)
 .rodata._printf_i.str1.1