../Core/Src/LCD_Driver.c:119:9:spi1_communication	32	static
../Core/Src/LCD_Driver.c:139:6:lcd_write_byte	16	static
../Core/Src/LCD_Driver.c:158:6:lcd_write_word	16	static
../Core/Src/LCD_Driver.c:173:6:lcd_write_command	16	static
../Core/Src/LCD_Driver.c:207:6:delay_ms	24	static
../Core/Src/LCD_Driver.c:220:6:lcd_init	8	static
../Core/Src/LCD_Driver.c:405:6:lcd_clear_screen	544	static
../Core/Src/LCD_Driver.c:451:6:lcd_set_cursor	16	static
../Core/Src/LCD_Driver.c:480:6:lcd_display_char	32	static
../Core/Src/LCD_Driver.c:539:6:lcd_display_string	40	static
../Core/Src/LCD_Driver.c:572:6:lcd_display_GB2312	32	static
../Core/Src/LCD_Driver.c:610:6:lcd_draw_dot	16	static
../Core/Src/LCD_Driver.c:632:6:lcd_draw_bigdot	24	static
../Core/Src/LCD_Driver.c:655:17:_pow	24	static
../Core/Src/LCD_Driver.c:673:6:lcd_display_num	48	static
../Core/Src/LCD_Driver.c:707:6:lcd_draw_line	56	static
../Core/Src/LCD_Driver.c:743:6:lcd_draw_circle	40	static
../Core/Src/LCD_Driver.c:775:6:lcd_fill_rect	32	static
../Core/Src/LCD_Driver.c:800:6:lcd_draw_v_line	32	static
../Core/Src/LCD_Driver.c:822:6:lcd_draw_h_line	32	static
../Core/Src/LCD_Driver.c:845:6:lcd_draw_rect	24	static
../Core/Src/LCD_Driver.c:868:6:lcd_clear_Rect	32	static
