../Core/Src/stm32f4xx_it.c:72:6:NMI_Handler	4	static
../Core/Src/stm32f4xx_it.c:87:6:HardFault_Handler	4	static
../Core/Src/stm32f4xx_it.c:102:6:MemManage_Handler	4	static
../Core/Src/stm32f4xx_it.c:117:6:BusFault_Handler	4	static
../Core/Src/stm32f4xx_it.c:132:6:UsageFault_Handler	4	static
../Core/Src/stm32f4xx_it.c:147:6:DebugMon_Handler	4	static
../Core/Src/stm32f4xx_it.c:167:6:PVD_IRQHandler	8	static
../Core/Src/stm32f4xx_it.c:181:6:EXTI4_IRQHandler	8	static
../Core/Src/stm32f4xx_it.c:195:6:CAN1_TX_IRQHandler	8	static
../Core/Src/stm32f4xx_it.c:209:6:CAN1_RX0_IRQHandler	8	static
../Core/Src/stm32f4xx_it.c:223:6:CAN1_RX1_IRQHandler	8	static
../Core/Src/stm32f4xx_it.c:237:6:TIM2_IRQHandler	8	static
../Core/Src/stm32f4xx_it.c:251:6:CAN2_TX_IRQHandler	8	static
../Core/Src/stm32f4xx_it.c:265:6:CAN2_RX0_IRQHandler	8	static
../Core/Src/stm32f4xx_it.c:279:6:CAN2_RX1_IRQHandler	8	static
